../Core/lvgl/examples/widgets/checkbox/../../../src/hal/../draw/../misc/../font/../misc/lv_area.h:284:26:lv_pct	16	static
../Core/lvgl/examples/widgets/checkbox/../../../src/core/lv_disp.h:162:26:lv_scr_act	8	static
../Core/lvgl/examples/widgets/checkbox/lv_example_checkbox_2.c:9:13:radio_event_handler	32	static
../Core/lvgl/examples/widgets/checkbox/lv_example_checkbox_2.c:28:13:radiobutton_create	24	static
../Core/lvgl/examples/widgets/checkbox/lv_example_checkbox_2.c:40:6:lv_example_checkbox_2	64	static
