Archive member included to satisfy reference by file (symbol)

c:/st/stm32cubeide_1.9.0/stm32cubeide/plugins/com.st.stm32cube.ide.mcu.externaltools.gnu-tools-for-stm32.10.3-2021.10.win32_1.0.0.202111181127/tools/bin/../lib/gcc/arm-none-eabi/10.3.1/../../../../arm-none-eabi/lib/thumb/v7e-m+fp/hard\libc_nano.a(lib_a-errno.o)
                              ./Core/Src/syscalls.o (__errno)
c:/st/stm32cubeide_1.9.0/stm32cubeide/plugins/com.st.stm32cube.ide.mcu.externaltools.gnu-tools-for-stm32.10.3-2021.10.win32_1.0.0.202111181127/tools/bin/../lib/gcc/arm-none-eabi/10.3.1/../../../../arm-none-eabi/lib/thumb/v7e-m+fp/hard\libc_nano.a(lib_a-exit.o)
                              c:/st/stm32cubeide_1.9.0/stm32cubeide/plugins/com.st.stm32cube.ide.mcu.externaltools.gnu-tools-for-stm32.10.3-2021.10.win32_1.0.0.202111181127/tools/bin/../lib/gcc/arm-none-eabi/10.3.1/../../../../arm-none-eabi/lib/thumb/v7e-m+fp/hard/crt0.o (exit)
c:/st/stm32cubeide_1.9.0/stm32cubeide/plugins/com.st.stm32cube.ide.mcu.externaltools.gnu-tools-for-stm32.10.3-2021.10.win32_1.0.0.202111181127/tools/bin/../lib/gcc/arm-none-eabi/10.3.1/../../../../arm-none-eabi/lib/thumb/v7e-m+fp/hard\libc_nano.a(lib_a-impure.o)
                              c:/st/stm32cubeide_1.9.0/stm32cubeide/plugins/com.st.stm32cube.ide.mcu.externaltools.gnu-tools-for-stm32.10.3-2021.10.win32_1.0.0.202111181127/tools/bin/../lib/gcc/arm-none-eabi/10.3.1/../../../../arm-none-eabi/lib/thumb/v7e-m+fp/hard\libc_nano.a(lib_a-exit.o) (_global_impure_ptr)
c:/st/stm32cubeide_1.9.0/stm32cubeide/plugins/com.st.stm32cube.ide.mcu.externaltools.gnu-tools-for-stm32.10.3-2021.10.win32_1.0.0.202111181127/tools/bin/../lib/gcc/arm-none-eabi/10.3.1/../../../../arm-none-eabi/lib/thumb/v7e-m+fp/hard\libc_nano.a(lib_a-init.o)
                              c:/st/stm32cubeide_1.9.0/stm32cubeide/plugins/com.st.stm32cube.ide.mcu.externaltools.gnu-tools-for-stm32.10.3-2021.10.win32_1.0.0.202111181127/tools/bin/../lib/gcc/arm-none-eabi/10.3.1/../../../../arm-none-eabi/lib/thumb/v7e-m+fp/hard/crt0.o (__libc_init_array)
c:/st/stm32cubeide_1.9.0/stm32cubeide/plugins/com.st.stm32cube.ide.mcu.externaltools.gnu-tools-for-stm32.10.3-2021.10.win32_1.0.0.202111181127/tools/bin/../lib/gcc/arm-none-eabi/10.3.1/../../../../arm-none-eabi/lib/thumb/v7e-m+fp/hard\libc_nano.a(lib_a-memset.o)
                              c:/st/stm32cubeide_1.9.0/stm32cubeide/plugins/com.st.stm32cube.ide.mcu.externaltools.gnu-tools-for-stm32.10.3-2021.10.win32_1.0.0.202111181127/tools/bin/../lib/gcc/arm-none-eabi/10.3.1/../../../../arm-none-eabi/lib/thumb/v7e-m+fp/hard/crt0.o (memset)
c:/st/stm32cubeide_1.9.0/stm32cubeide/plugins/com.st.stm32cube.ide.mcu.externaltools.gnu-tools-for-stm32.10.3-2021.10.win32_1.0.0.202111181127/tools/bin/../lib/gcc/arm-none-eabi/10.3.1/thumb/v7e-m+fp/hard\libgcc.a(_aeabi_uldivmod.o)
                              ./Drivers/STM32F4xx_HAL_Driver/Src/stm32f4xx_hal_rcc.o (__aeabi_uldivmod)
c:/st/stm32cubeide_1.9.0/stm32cubeide/plugins/com.st.stm32cube.ide.mcu.externaltools.gnu-tools-for-stm32.10.3-2021.10.win32_1.0.0.202111181127/tools/bin/../lib/gcc/arm-none-eabi/10.3.1/thumb/v7e-m+fp/hard\libgcc.a(_udivmoddi4.o)
                              c:/st/stm32cubeide_1.9.0/stm32cubeide/plugins/com.st.stm32cube.ide.mcu.externaltools.gnu-tools-for-stm32.10.3-2021.10.win32_1.0.0.202111181127/tools/bin/../lib/gcc/arm-none-eabi/10.3.1/thumb/v7e-m+fp/hard\libgcc.a(_aeabi_uldivmod.o) (__udivmoddi4)
c:/st/stm32cubeide_1.9.0/stm32cubeide/plugins/com.st.stm32cube.ide.mcu.externaltools.gnu-tools-for-stm32.10.3-2021.10.win32_1.0.0.202111181127/tools/bin/../lib/gcc/arm-none-eabi/10.3.1/thumb/v7e-m+fp/hard\libgcc.a(_dvmd_tls.o)
                              c:/st/stm32cubeide_1.9.0/stm32cubeide/plugins/com.st.stm32cube.ide.mcu.externaltools.gnu-tools-for-stm32.10.3-2021.10.win32_1.0.0.202111181127/tools/bin/../lib/gcc/arm-none-eabi/10.3.1/thumb/v7e-m+fp/hard\libgcc.a(_aeabi_uldivmod.o) (__aeabi_ldiv0)

Discarded input sections

 .text          0x0000000000000000        0x0 c:/st/stm32cubeide_1.9.0/stm32cubeide/plugins/com.st.stm32cube.ide.mcu.externaltools.gnu-tools-for-stm32.10.3-2021.10.win32_1.0.0.202111181127/tools/bin/../lib/gcc/arm-none-eabi/10.3.1/thumb/v7e-m+fp/hard/crti.o
 .data          0x0000000000000000        0x0 c:/st/stm32cubeide_1.9.0/stm32cubeide/plugins/com.st.stm32cube.ide.mcu.externaltools.gnu-tools-for-stm32.10.3-2021.10.win32_1.0.0.202111181127/tools/bin/../lib/gcc/arm-none-eabi/10.3.1/thumb/v7e-m+fp/hard/crti.o
 .bss           0x0000000000000000        0x0 c:/st/stm32cubeide_1.9.0/stm32cubeide/plugins/com.st.stm32cube.ide.mcu.externaltools.gnu-tools-for-stm32.10.3-2021.10.win32_1.0.0.202111181127/tools/bin/../lib/gcc/arm-none-eabi/10.3.1/thumb/v7e-m+fp/hard/crti.o
[...]
Memory Configuration

Name             Origin             Length             Attributes
RAM              0x0000000020000000 0x0000000000020000 xrw
FLASH            0x0000000008000000 0x0000000000080000 xr
*default*        0x0000000000000000 0xffffffffffffffff

Linker script and memory map

LOAD c:/st/stm32cubeide_1.9.0/stm32cubeide/plugins/com.st.stm32cube.ide.mcu.externaltools.gnu-tools-for-stm32.10.3-2021.10.win32_1.0.0.202111181127/tools/bin/../lib/gcc/arm-none-eabi/10.3.1/thumb/v7e-m+fp/hard/crti.o
LOAD c:/st/stm32cubeide_1.9.0/stm32cubeide/plugins/com.st.stm32cube.ide.mcu.externaltools.gnu-tools-for-stm32.10.3-2021.10.win32_1.0.0.202111181127/tools/bin/../lib/gcc/arm-none-eabi/10.3.1/thumb/v7e-m+fp/hard/crtbegin.o
LOAD c:/st/stm32cubeide_1.9.0/stm32cubeide/plugins/com.st.stm32cube.ide.mcu.externaltools.gnu-tools-for-stm32.10.3-2021.10.win32_1.0.0.202111181127/tools/bin/../lib/gcc/arm-none-eabi/10.3.1/../../../../arm-none-eabi/lib/thumb/v7e-m+fp/hard/crt0.o
LOAD ./Core/Src/dma.o
LOAD ./Core/Src/fonts.o
LOAD ./Core/Src/gpio.o
LOAD ./Core/Src/i2c.o
LOAD ./Core/Src/main.o
LOAD ./Core/Src/rtc.o
LOAD ./Core/Src/spi.o
LOAD ./Core/Src/st7735.o
LOAD ./Core/Src/stm32f4xx_hal_msp.o
LOAD ./Core/Src/stm32f4xx_it.o
LOAD ./Core/Src/syscalls.o
LOAD ./Core/Src/sysmem.o
LOAD ./Core/Src/system_stm32f4xx.o
LOAD ./Core/Src/tim.o
LOAD ./Core/Startup/startup_stm32f411ceux.o
LOAD ./Drivers/STM32F4xx_HAL_Driver/Src/stm32f4xx_hal.o
LOAD ./Drivers/STM32F4xx_HAL_Driver/Src/stm32f4xx_hal_cortex.o
LOAD ./Drivers/STM32F4xx_HAL_Driver/Src/stm32f4xx_hal_dma.o
LOAD ./Drivers/STM32F4xx_HAL_Driver/Src/stm32f4xx_hal_dma_ex.o
LOAD ./Drivers/STM32F4xx_HAL_Driver/Src/stm32f4xx_hal_exti.o
LOAD ./Drivers/STM32F4xx_HAL_Driver/Src/stm32f4xx_hal_flash.o
LOAD ./Drivers/STM32F4xx_HAL_Driver/Src/stm32f4xx_hal_flash_ex.o
LOAD ./Drivers/STM32F4xx_HAL_Driver/Src/stm32f4xx_hal_flash_ramfunc.o
LOAD ./Drivers/STM32F4xx_HAL_Driver/Src/stm32f4xx_hal_gpio.o
LOAD ./Drivers/STM32F4xx_HAL_Driver/Src/stm32f4xx_hal_i2c.o
LOAD ./Drivers/STM32F4xx_HAL_Driver/Src/stm32f4xx_hal_i2c_ex.o
LOAD ./Drivers/STM32F4xx_HAL_Driver/Src/stm32f4xx_hal_pcd.o
LOAD ./Drivers/STM32F4xx_HAL_Driver/Src/stm32f4xx_hal_pcd_ex.o
LOAD ./Drivers/STM32F4xx_HAL_Driver/Src/stm32f4xx_hal_pwr.o
LOAD ./Drivers/STM32F4xx_HAL_Driver/Src/stm32f4xx_hal_pwr_ex.o
LOAD ./Drivers/STM32F4xx_HAL_Driver/Src/stm32f4xx_hal_rcc.o
LOAD ./Drivers/STM32F4xx_HAL_Driver/Src/stm32f4xx_hal_rcc_ex.o
LOAD ./Drivers/STM32F4xx_HAL_Driver/Src/stm32f4xx_hal_rtc.o
LOAD ./Drivers/STM32F4xx_HAL_Driver/Src/stm32f4xx_hal_rtc_ex.o
LOAD ./Drivers/STM32F4xx_HAL_Driver/Src/stm32f4xx_hal_spi.o
LOAD ./Drivers/STM32F4xx_HAL_Driver/Src/stm32f4xx_hal_tim.o
LOAD ./Drivers/STM32F4xx_HAL_Driver/Src/stm32f4xx_hal_tim_ex.o
LOAD ./Drivers/STM32F4xx_HAL_Driver/Src/stm32f4xx_ll_usb.o
LOAD ./Middlewares/ST/STM32_USB_Device_Library/Class/CDC/Src/usbd_cdc.o
LOAD ./Middlewares/ST/STM32_USB_Device_Library/Core/Src/usbd_core.o
LOAD ./Middlewares/ST/STM32_USB_Device_Library/Core/Src/usbd_ctlreq.o
LOAD ./Middlewares/ST/STM32_USB_Device_Library/Core/Src/usbd_ioreq.o
LOAD ./USB_DEVICE/App/usb_device.o
LOAD ./USB_DEVICE/App/usbd_cdc_if.o
LOAD ./USB_DEVICE/App/usbd_desc.o
LOAD ./USB_DEVICE/Target/usbd_conf.o
START GROUP
LOAD c:/st/stm32cubeide_1.9.0/stm32cubeide/plugins/com.st.stm32cube.ide.mcu.externaltools.gnu-tools-for-stm32.10.3-2021.10.win32_1.0.0.202111181127/tools/bin/../lib/gcc/arm-none-eabi/10.3.1/../../../../arm-none-eabi/lib/thumb/v7e-m+fp/hard\libstdc++_nano.a
LOAD c:/st/stm32cubeide_1.9.0/stm32cubeide/plugins/com.st.stm32cube.ide.mcu.externaltools.gnu-tools-for-stm32.10.3-2021.10.win32_1.0.0.202111181127/tools/bin/../lib/gcc/arm-none-eabi/10.3.1/../../../../arm-none-eabi/lib/thumb/v7e-m+fp/hard\libsupc++_nano.a
END GROUP
LOAD c:/st/stm32cubeide_1.9.0/stm32cubeide/plugins/com.st.stm32cube.ide.mcu.externaltools.gnu-tools-for-stm32.10.3-2021.10.win32_1.0.0.202111181127/tools/bin/../lib/gcc/arm-none-eabi/10.3.1/../../../../arm-none-eabi/lib/thumb/v7e-m+fp/hard\libstdc++_nano.a
LOAD c:/st/stm32cubeide_1.9.0/stm32cubeide/plugins/com.st.stm32cube.ide.mcu.externaltools.gnu-tools-for-stm32.10.3-2021.10.win32_1.0.0.202111181127/tools/bin/../lib/gcc/arm-none-eabi/10.3.1/../../../../arm-none-eabi/lib/thumb/v7e-m+fp/hard\libm.a
LOAD c:/st/stm32cubeide_1.9.0/stm32cubeide/plugins/com.st.stm32cube.ide.mcu.externaltools.gnu-tools-for-stm32.10.3-2021.10.win32_1.0.0.202111181127/tools/bin/../lib/gcc/arm-none-eabi/10.3.1/../../../../arm-none-eabi/lib/thumb/v7e-m+fp/hard\libc_nano.a
START GROUP
LOAD c:/st/stm32cubeide_1.9.0/stm32cubeide/plugins/com.st.stm32cube.ide.mcu.externaltools.gnu-tools-for-stm32.10.3-2021.10.win32_1.0.0.202111181127/tools/bin/../lib/gcc/arm-none-eabi/10.3.1/thumb/v7e-m+fp/hard\libgcc.a
LOAD c:/st/stm32cubeide_1.9.0/stm32cubeide/plugins/com.st.stm32cube.ide.mcu.externaltools.gnu-tools-for-stm32.10.3-2021.10.win32_1.0.0.202111181127/tools/bin/../lib/gcc/arm-none-eabi/10.3.1/../../../../arm-none-eabi/lib/thumb/v7e-m+fp/hard\libc_nano.a
END GROUP
START GROUP
LOAD c:/st/stm32cubeide_1.9.0/stm32cubeide/plugins/com.st.stm32cube.ide.mcu.externaltools.gnu-tools-for-stm32.10.3-2021.10.win32_1.0.0.202111181127/tools/bin/../lib/gcc/arm-none-eabi/10.3.1/thumb/v7e-m+fp/hard\libgcc.a
LOAD c:/st/stm32cubeide_1.9.0/stm32cubeide/plugins/com.st.stm32cube.ide.mcu.externaltools.gnu-tools-for-stm32.10.3-2021.10.win32_1.0.0.202111181127/tools/bin/../lib/gcc/arm-none-eabi/10.3.1/../../../../arm-none-eabi/lib/thumb/v7e-m+fp/hard\libc_nano.a
LOAD c:/st/stm32cubeide_1.9.0/stm32cubeide/plugins/com.st.stm32cube.ide.mcu.externaltools.gnu-tools-for-stm32.10.3-2021.10.win32_1.0.0.202111181127/tools/bin/../lib/gcc/arm-none-eabi/10.3.1/../../../../arm-none-eabi/lib/thumb/v7e-m+fp/hard\libnosys.a
END GROUP
START GROUP
LOAD c:/st/stm32cubeide_1.9.0/stm32cubeide/plugins/com.st.stm32cube.ide.mcu.externaltools.gnu-tools-for-stm32.10.3-2021.10.win32_1.0.0.202111181127/tools/bin/../lib/gcc/arm-none-eabi/10.3.1/thumb/v7e-m+fp/hard\libgcc.a
LOAD c:/st/stm32cubeide_1.9.0/stm32cubeide/plugins/com.st.stm32cube.ide.mcu.externaltools.gnu-tools-for-stm32.10.3-2021.10.win32_1.0.0.202111181127/tools/bin/../lib/gcc/arm-none-eabi/10.3.1/../../../../arm-none-eabi/lib/thumb/v7e-m+fp/hard\libc_nano.a
LOAD c:/st/stm32cubeide_1.9.0/stm32cubeide/plugins/com.st.stm32cube.ide.mcu.externaltools.gnu-tools-for-stm32.10.3-2021.10.win32_1.0.0.202111181127/tools/bin/../lib/gcc/arm-none-eabi/10.3.1/../../../../arm-none-eabi/lib/thumb/v7e-m+fp/hard\libnosys.a
END GROUP
LOAD c:/st/stm32cubeide_1.9.0/stm32cubeide/plugins/com.st.stm32cube.ide.mcu.externaltools.gnu-tools-for-stm32.10.3-2021.10.win32_1.0.0.202111181127/tools/bin/../lib/gcc/arm-none-eabi/10.3.1/thumb/v7e-m+fp/hard/crtend.o
LOAD c:/st/stm32cubeide_1.9.0/stm32cubeide/plugins/com.st.stm32cube.ide.mcu.externaltools.gnu-tools-for-stm32.10.3-2021.10.win32_1.0.0.202111181127/tools/bin/../lib/gcc/arm-none-eabi/10.3.1/thumb/v7e-m+fp/hard/crtn.o
                0x0000000020020000                _estack = (ORIGIN (RAM) + LENGTH (RAM))
                0x0000000000000200                _Min_Heap_Size = 0x200
                0x0000000000000400                _Min_Stack_Size = 0x400

.isr_vector     0x0000000008000000      0x198
                0x0000000008000000                . = ALIGN (0x4)
 *(.isr_vector)
 .isr_vector    0x0000000008000000      0x198 ./Core/Startup/startup_stm32f411ceux.o
                0x0000000008000000                g_pfnVectors
                0x0000000008000198                . = ALIGN (0x4)

.text           0x0000000008000198     0x8c6c
                0x0000000008000198                . = ALIGN (0x4)
 *(.text)
 .text          0x0000000008000198       0x40 c:/st/stm32cubeide_1.9.0/stm32cubeide/plugins/com.st.stm32cube.ide.mcu.externaltools.gnu-tools-for-stm32.10.3-2021.10.win32_1.0.0.202111181127/tools/bin/../lib/gcc/arm-none-eabi/10.3.1/thumb/v7e-m+fp/hard/crtbegin.o
 .text          0x00000000080001d8       0x30 c:/st/stm32cubeide_1.9.0/stm32cubeide/plugins/com.st.stm32cube.ide.mcu.externaltools.gnu-tools-for-stm32.10.3-2021.10.win32_1.0.0.202111181127/tools/bin/../lib/gcc/arm-none-eabi/10.3.1/thumb/v7e-m+fp/hard\libgcc.a(_aeabi_uldivmod.o)
                0x00000000080001d8                __aeabi_uldivmod
 .text          0x0000000008000208      0x2d0 c:/st/stm32cubeide_1.9.0/stm32cubeide/plugins/com.st.stm32cube.ide.mcu.externaltools.gnu-tools-for-stm32.10.3-2021.10.win32_1.0.0.202111181127/tools/bin/../lib/gcc/arm-none-eabi/10.3.1/thumb/v7e-m+fp/hard\libgcc.a(_udivmoddi4.o)
                0x0000000008000208                __udivmoddi4
 .text          0x00000000080004d8        0x4 c:/st/stm32cubeide_1.9.0/stm32cubeide/plugins/com.st.stm32cube.ide.mcu.externaltools.gnu-tools-for-stm32.10.3-2021.10.win32_1.0.0.202111181127/tools/bin/../lib/gcc/arm-none-eabi/10.3.1/thumb/v7e-m+fp/hard\libgcc.a(_dvmd_tls.o)
                0x00000000080004d8                __aeabi_idiv0
                0x00000000080004d8                __aeabi_ldiv0
 *(.text*)
 .text.MX_DMA_Init
                0x00000000080004dc       0x40 ./Core/Src/dma.o
                0x00000000080004dc                MX_DMA_Init
 .text.MX_GPIO_Init
                0x000000000800051c       0xe8 ./Core/Src/gpio.o
                0x000000000800051c                MX_GPIO_Init
 .text.MX_I2C1_Init
                0x0000000008000604       0x5c ./Core/Src/i2c.o
                0x0000000008000604                MX_I2C1_Init
 .text.HAL_I2C_MspInit
                0x0000000008000660       0x90 ./Core/Src/i2c.o
                0x0000000008000660                HAL_I2C_MspInit
 .text.Display_Init
                0x00000000080006f0       0x48 ./Core/Src/main.o
                0x00000000080006f0                Display_Init
 .text.main     0x0000000008000738       0x2e ./Core/Src/main.o
                0x0000000008000738                main
 *fill*         0x0000000008000766        0x2 
 .text.SystemClock_Config
                0x0000000008000768       0xd8 ./Core/Src/main.o
                0x0000000008000768                SystemClock_Config
 .text.Error_Handler
                0x0000000008000840        0xa ./Core/Src/main.o
                0x0000000008000840                Error_Handler
 *fill*         0x000000000800084a        0x2 
 .text.MX_RTC_Init
                0x000000000800084c       0x4c ./Core/Src/rtc.o
                0x000000000800084c                MX_RTC_Init
 .text.HAL_RTC_MspInit
                0x0000000008000898       0x58 ./Core/Src/rtc.o
                0x0000000008000898                HAL_RTC_MspInit
 .text.MX_SPI2_Init
                0x00000000080008f0       0x6c ./Core/Src/spi.o
                0x00000000080008f0                MX_SPI2_Init
 .text.HAL_SPI_MspInit
                0x000000000800095c       0xf8 ./Core/Src/spi.o
                0x000000000800095c                HAL_SPI_MspInit
 .text.ST7735_GPIO_Init
                0x0000000008000a54        0xe ./Core/Src/st7735.o
 *fill*         0x0000000008000a62        0x2 
 .text.ST7735_Reset
                0x0000000008000a64       0x2c ./Core/Src/st7735.o
 .text.ST7735_WriteCommand
                0x0000000008000a90       0x34 ./Core/Src/st7735.o
 .text.ST7735_WriteData
                0x0000000008000ac4       0x38 ./Core/Src/st7735.o
 .text.ST7735_ExecuteCommandList
                0x0000000008000afc       0x92 ./Core/Src/st7735.o
 *fill*         0x0000000008000b8e        0x2 
 .text.ST7735_SetAddressWindow
                0x0000000008000b90       0x90 ./Core/Src/st7735.o
 .text.ST7735_WriteChar
                0x0000000008000c20       0xee ./Core/Src/st7735.o
 *fill*         0x0000000008000d0e        0x2 
 .text.ST7735_Init
                0x0000000008000d10       0x4c ./Core/Src/st7735.o
                0x0000000008000d10                ST7735_Init
 .text.ST7735_DrawString
                0x0000000008000d5c       0xbc ./Core/Src/st7735.o
                0x0000000008000d5c                ST7735_DrawString
 .text.ST7735_FillRectangle
                0x0000000008000e18      0x124 ./Core/Src/st7735.o
                0x0000000008000e18                ST7735_FillRectangle
 .text.ST7735_FillScreen
                0x0000000008000f3c       0x38 ./Core/Src/st7735.o
                0x0000000008000f3c                ST7735_FillScreen
 .text.ST7735_SetRotation
                0x0000000008000f74      0x158 ./Core/Src/st7735.o
                0x0000000008000f74                ST7735_SetRotation
 .text.HAL_MspInit
                0x00000000080010cc       0x50 ./Core/Src/stm32f4xx_hal_msp.o
                0x00000000080010cc                HAL_MspInit
 .text.NMI_Handler
                0x000000000800111c        0xa ./Core/Src/stm32f4xx_it.o
                0x000000000800111c                NMI_Handler
 .text.HardFault_Handler
                0x0000000008001126        0x6 ./Core/Src/stm32f4xx_it.o
                0x0000000008001126                HardFault_Handler
 .text.MemManage_Handler
                0x000000000800112c        0x6 ./Core/Src/stm32f4xx_it.o
                0x000000000800112c                MemManage_Handler
 .text.BusFault_Handler
                0x0000000008001132        0x6 ./Core/Src/stm32f4xx_it.o
                0x0000000008001132                BusFault_Handler
 .text.UsageFault_Handler
                0x0000000008001138        0x6 ./Core/Src/stm32f4xx_it.o
                0x0000000008001138                UsageFault_Handler
 .text.SVC_Handler
                0x000000000800113e        0xe ./Core/Src/stm32f4xx_it.o
                0x000000000800113e                SVC_Handler
 .text.DebugMon_Handler
                0x000000000800114c        0xe ./Core/Src/stm32f4xx_it.o
                0x000000000800114c                DebugMon_Handler
 .text.PendSV_Handler
                0x000000000800115a        0xe ./Core/Src/stm32f4xx_it.o
                0x000000000800115a                PendSV_Handler
 .text.SysTick_Handler
                0x0000000008001168        0xc ./Core/Src/stm32f4xx_it.o
                0x0000000008001168                SysTick_Handler
 .text.DMA1_Stream4_IRQHandler
                0x0000000008001174       0x14 ./Core/Src/stm32f4xx_it.o
                0x0000000008001174                DMA1_Stream4_IRQHandler
 .text.OTG_FS_IRQHandler
                0x0000000008001188       0x14 ./Core/Src/stm32f4xx_it.o
                0x0000000008001188                OTG_FS_IRQHandler
 .text.SystemInit
                0x000000000800119c       0x24 ./Core/Src/system_stm32f4xx.o
                0x000000000800119c                SystemInit
 .text.MX_TIM2_Init
                0x00000000080011c0       0xa8 ./Core/Src/tim.o
                0x00000000080011c0                MX_TIM2_Init
 .text.HAL_TIM_Encoder_MspInit
                0x0000000008001268       0x8c ./Core/Src/tim.o
                0x0000000008001268                HAL_TIM_Encoder_MspInit
 .text.Reset_Handler
                0x00000000080012f4       0x50 ./Core/Startup/startup_stm32f411ceux.o
                0x00000000080012f4                Reset_Handler
 .text.Default_Handler
                0x0000000008001344        0x2 ./Core/Startup/startup_stm32f411ceux.o
                0x0000000008001344                RTC_Alarm_IRQHandler
                0x0000000008001344                EXTI2_IRQHandler
                0x0000000008001344                SPI4_IRQHandler
                0x0000000008001344                TIM1_CC_IRQHandler
                0x0000000008001344                DMA2_Stream5_IRQHandler
                0x0000000008001344                DMA1_Stream5_IRQHandler
                0x0000000008001344                PVD_IRQHandler
                0x0000000008001344                SDIO_IRQHandler
                0x0000000008001344                TAMP_STAMP_IRQHandler
                0x0000000008001344                EXTI3_IRQHandler
                0x0000000008001344                TIM1_UP_TIM10_IRQHandler
                0x0000000008001344                I2C3_ER_IRQHandler
                0x0000000008001344                EXTI0_IRQHandler
                0x0000000008001344                I2C2_EV_IRQHandler
                0x0000000008001344                DMA1_Stream2_IRQHandler
                0x0000000008001344                FPU_IRQHandler
                0x0000000008001344                DMA2_Stream2_IRQHandler
                0x0000000008001344                SPI1_IRQHandler
                0x0000000008001344                TIM1_BRK_TIM9_IRQHandler
                0x0000000008001344                DMA2_Stream3_IRQHandler
                0x0000000008001344                USART6_IRQHandler
                0x0000000008001344                DMA2_Stream0_IRQHandler
                0x0000000008001344                TIM4_IRQHandler
                0x0000000008001344                I2C1_EV_IRQHandler
                0x0000000008001344                DMA1_Stream6_IRQHandler
                0x0000000008001344                DMA1_Stream1_IRQHandler
                0x0000000008001344                TIM3_IRQHandler
                0x0000000008001344                RCC_IRQHandler
                0x0000000008001344                Default_Handler
                0x0000000008001344                EXTI15_10_IRQHandler
                0x0000000008001344                ADC_IRQHandler
                0x0000000008001344                DMA1_Stream7_IRQHandler
                0x0000000008001344                SPI5_IRQHandler
                0x0000000008001344                TIM5_IRQHandler
                0x0000000008001344                DMA2_Stream7_IRQHandler
                0x0000000008001344                I2C3_EV_IRQHandler
                0x0000000008001344                EXTI9_5_IRQHandler
                0x0000000008001344                RTC_WKUP_IRQHandler
                0x0000000008001344                SPI2_IRQHandler
                0x0000000008001344                DMA1_Stream0_IRQHandler
                0x0000000008001344                EXTI4_IRQHandler
                0x0000000008001344                WWDG_IRQHandler
                0x0000000008001344                TIM2_IRQHandler
                0x0000000008001344                OTG_FS_WKUP_IRQHandler
                0x0000000008001344                TIM1_TRG_COM_TIM11_IRQHandler
                0x0000000008001344                EXTI1_IRQHandler
                0x0000000008001344                USART2_IRQHandler
                0x0000000008001344                I2C2_ER_IRQHandler
                0x0000000008001344                DMA2_Stream1_IRQHandler
                0x0000000008001344                FLASH_IRQHandler
                0x0000000008001344                DMA2_Stream4_IRQHandler
                0x0000000008001344                USART1_IRQHandler
                0x0000000008001344                SPI3_IRQHandler
                0x0000000008001344                I2C1_ER_IRQHandler
                0x0000000008001344                DMA2_Stream6_IRQHandler
                0x0000000008001344                DMA1_Stream3_IRQHandler
 *fill*         0x0000000008001346        0x2 
 .text.HAL_Init
                0x0000000008001348       0x44 ./Drivers/STM32F4xx_HAL_Driver/Src/stm32f4xx_hal.o
                0x0000000008001348                HAL_Init
 .text.HAL_InitTick
                0x000000000800138c       0x60 ./Drivers/STM32F4xx_HAL_Driver/Src/stm32f4xx_hal.o
                0x000000000800138c                HAL_InitTick
 .text.HAL_IncTick
                0x00000000080013ec       0x28 ./Drivers/STM32F4xx_HAL_Driver/Src/stm32f4xx_hal.o
                0x00000000080013ec                HAL_IncTick
 .text.HAL_GetTick
                0x0000000008001414       0x18 ./Drivers/STM32F4xx_HAL_Driver/Src/stm32f4xx_hal.o
                0x0000000008001414                HAL_GetTick
 .text.HAL_Delay
                0x000000000800142c       0x48 ./Drivers/STM32F4xx_HAL_Driver/Src/stm32f4xx_hal.o
                0x000000000800142c                HAL_Delay
 .text.__NVIC_SetPriorityGrouping
                0x0000000008001474       0x48 ./Drivers/STM32F4xx_HAL_Driver/Src/stm32f4xx_hal_cortex.o
 .text.__NVIC_GetPriorityGrouping
                0x00000000080014bc       0x1c ./Drivers/STM32F4xx_HAL_Driver/Src/stm32f4xx_hal_cortex.o
 .text.__NVIC_EnableIRQ
                0x00000000080014d8       0x3c ./Drivers/STM32F4xx_HAL_Driver/Src/stm32f4xx_hal_cortex.o
 .text.__NVIC_SetPriority
                0x0000000008001514       0x54 ./Drivers/STM32F4xx_HAL_Driver/Src/stm32f4xx_hal_cortex.o
 .text.NVIC_EncodePriority
                0x0000000008001568       0x66 ./Drivers/STM32F4xx_HAL_Driver/Src/stm32f4xx_hal_cortex.o
 *fill*         0x00000000080015ce        0x2 
 .text.SysTick_Config
                0x00000000080015d0       0x44 ./Drivers/STM32F4xx_HAL_Driver/Src/stm32f4xx_hal_cortex.o
 .text.HAL_NVIC_SetPriorityGrouping
                0x0000000008001614       0x16 ./Drivers/STM32F4xx_HAL_Driver/Src/stm32f4xx_hal_cortex.o
                0x0000000008001614                HAL_NVIC_SetPriorityGrouping
 .text.HAL_NVIC_SetPriority
                0x000000000800162a       0x38 ./Drivers/STM32F4xx_HAL_Driver/Src/stm32f4xx_hal_cortex.o
                0x000000000800162a                HAL_NVIC_SetPriority
 .text.HAL_NVIC_EnableIRQ
                0x0000000008001662       0x1c ./Drivers/STM32F4xx_HAL_Driver/Src/stm32f4xx_hal_cortex.o
                0x0000000008001662                HAL_NVIC_EnableIRQ
 .text.HAL_SYSTICK_Config
                0x000000000800167e       0x18 ./Drivers/STM32F4xx_HAL_Driver/Src/stm32f4xx_hal_cortex.o
                0x000000000800167e                HAL_SYSTICK_Config
 *fill*         0x0000000008001696        0x2 
 .text.HAL_DMA_Init
                0x0000000008001698      0x15c ./Drivers/STM32F4xx_HAL_Driver/Src/stm32f4xx_hal_dma.o
                0x0000000008001698                HAL_DMA_Init
 .text.HAL_DMA_IRQHandler
                0x00000000080017f4      0x314 ./Drivers/STM32F4xx_HAL_Driver/Src/stm32f4xx_hal_dma.o
                0x00000000080017f4                HAL_DMA_IRQHandler
 .text.DMA_CalcBaseAndBitshift
                0x0000000008001b08       0x6c ./Drivers/STM32F4xx_HAL_Driver/Src/stm32f4xx_hal_dma.o
 .text.DMA_CheckFifoParam
                0x0000000008001b74       0xf8 ./Drivers/STM32F4xx_HAL_Driver/Src/stm32f4xx_hal_dma.o
 .text.HAL_GPIO_Init
                0x0000000008001c6c      0x308 ./Drivers/STM32F4xx_HAL_Driver/Src/stm32f4xx_hal_gpio.o
                0x0000000008001c6c                HAL_GPIO_Init
 .text.HAL_GPIO_WritePin
                0x0000000008001f74       0x32 ./Drivers/STM32F4xx_HAL_Driver/Src/stm32f4xx_hal_gpio.o
                0x0000000008001f74                HAL_GPIO_WritePin
 *fill*         0x0000000008001fa6        0x2 
 .text.HAL_I2C_Init
                0x0000000008001fa8      0x288 ./Drivers/STM32F4xx_HAL_Driver/Src/stm32f4xx_hal_i2c.o
                0x0000000008001fa8                HAL_I2C_Init
 .text.HAL_PCD_Init
                0x0000000008002230      0x23a ./Drivers/STM32F4xx_HAL_Driver/Src/stm32f4xx_hal_pcd.o
                0x0000000008002230                HAL_PCD_Init
 .text.HAL_PCD_Start
                0x000000000800246a       0x66 ./Drivers/STM32F4xx_HAL_Driver/Src/stm32f4xx_hal_pcd.o
                0x000000000800246a                HAL_PCD_Start
 .text.HAL_PCD_IRQHandler
                0x00000000080024d0      0x93e ./Drivers/STM32F4xx_HAL_Driver/Src/stm32f4xx_hal_pcd.o
                0x00000000080024d0                HAL_PCD_IRQHandler
 .text.HAL_PCD_SetAddress
                0x0000000008002e0e       0x4a ./Drivers/STM32F4xx_HAL_Driver/Src/stm32f4xx_hal_pcd.o
                0x0000000008002e0e                HAL_PCD_SetAddress
 .text.HAL_PCD_EP_Open
                0x0000000008002e58       0xd0 ./Drivers/STM32F4xx_HAL_Driver/Src/stm32f4xx_hal_pcd.o
                0x0000000008002e58                HAL_PCD_EP_Open
 .text.HAL_PCD_EP_Close
                0x0000000008002f28       0x94 ./Drivers/STM32F4xx_HAL_Driver/Src/stm32f4xx_hal_pcd.o
                0x0000000008002f28                HAL_PCD_EP_Close
 .text.HAL_PCD_EP_Receive
                0x0000000008002fbc       0x96 ./Drivers/STM32F4xx_HAL_Driver/Src/stm32f4xx_hal_pcd.o
                0x0000000008002fbc                HAL_PCD_EP_Receive
 .text.HAL_PCD_EP_GetRxCount
                0x0000000008003052       0x30 ./Drivers/STM32F4xx_HAL_Driver/Src/stm32f4xx_hal_pcd.o
                0x0000000008003052                HAL_PCD_EP_GetRxCount
 .text.HAL_PCD_EP_Transmit
                0x0000000008003082       0x94 ./Drivers/STM32F4xx_HAL_Driver/Src/stm32f4xx_hal_pcd.o
                0x0000000008003082                HAL_PCD_EP_Transmit
 .text.HAL_PCD_EP_SetStall
                0x0000000008003116       0xc8 ./Drivers/STM32F4xx_HAL_Driver/Src/stm32f4xx_hal_pcd.o
                0x0000000008003116                HAL_PCD_EP_SetStall
 .text.HAL_PCD_EP_ClrStall
                0x00000000080031de       0xac ./Drivers/STM32F4xx_HAL_Driver/Src/stm32f4xx_hal_pcd.o
                0x00000000080031de                HAL_PCD_EP_ClrStall
 .text.HAL_PCD_EP_Abort
                0x000000000800328a       0x62 ./Drivers/STM32F4xx_HAL_Driver/Src/stm32f4xx_hal_pcd.o
                0x000000000800328a                HAL_PCD_EP_Abort
 .text.PCD_WriteEmptyTxFifo
                0x00000000080032ec      0x11a ./Drivers/STM32F4xx_HAL_Driver/Src/stm32f4xx_hal_pcd.o
 *fill*         0x0000000008003406        0x2 
 .text.PCD_EP_OutXfrComplete_int
                0x0000000008003408      0x1d0 ./Drivers/STM32F4xx_HAL_Driver/Src/stm32f4xx_hal_pcd.o
 .text.PCD_EP_OutSetupPacket_int
                0x00000000080035d8       0x8c ./Drivers/STM32F4xx_HAL_Driver/Src/stm32f4xx_hal_pcd.o
 .text.HAL_PCDEx_SetTxFiFo
                0x0000000008003664       0x8e ./Drivers/STM32F4xx_HAL_Driver/Src/stm32f4xx_hal_pcd_ex.o
                0x0000000008003664                HAL_PCDEx_SetTxFiFo
 .text.HAL_PCDEx_SetRxFiFo
                0x00000000080036f2       0x22 ./Drivers/STM32F4xx_HAL_Driver/Src/stm32f4xx_hal_pcd_ex.o
                0x00000000080036f2                HAL_PCDEx_SetRxFiFo
 .text.HAL_PCDEx_LPM_Callback
                0x0000000008003714       0x18 ./Drivers/STM32F4xx_HAL_Driver/Src/stm32f4xx_hal_pcd_ex.o
                0x0000000008003714                HAL_PCDEx_LPM_Callback
 .text.HAL_RCC_OscConfig
                0x000000000800372c      0x4f0 ./Drivers/STM32F4xx_HAL_Driver/Src/stm32f4xx_hal_rcc.o
                0x000000000800372c                HAL_RCC_OscConfig
 .text.HAL_RCC_ClockConfig
                0x0000000008003c1c      0x1cc ./Drivers/STM32F4xx_HAL_Driver/Src/stm32f4xx_hal_rcc.o
                0x0000000008003c1c                HAL_RCC_ClockConfig
 .text.HAL_RCC_EnableCSS
                0x0000000008003de8       0x18 ./Drivers/STM32F4xx_HAL_Driver/Src/stm32f4xx_hal_rcc.o
                0x0000000008003de8                HAL_RCC_EnableCSS
 .text.HAL_RCC_GetSysClockFreq
                0x0000000008003e00      0x18c ./Drivers/STM32F4xx_HAL_Driver/Src/stm32f4xx_hal_rcc.o
                0x0000000008003e00                HAL_RCC_GetSysClockFreq
 .text.HAL_RCC_GetHCLKFreq
                0x0000000008003f8c       0x18 ./Drivers/STM32F4xx_HAL_Driver/Src/stm32f4xx_hal_rcc.o
                0x0000000008003f8c                HAL_RCC_GetHCLKFreq
 .text.HAL_RCC_GetPCLK1Freq
                0x0000000008003fa4       0x28 ./Drivers/STM32F4xx_HAL_Driver/Src/stm32f4xx_hal_rcc.o
                0x0000000008003fa4                HAL_RCC_GetPCLK1Freq
 .text.HAL_RCC_NMI_IRQHandler
                0x0000000008003fcc       0x28 ./Drivers/STM32F4xx_HAL_Driver/Src/stm32f4xx_hal_rcc.o
                0x0000000008003fcc                HAL_RCC_NMI_IRQHandler
 .text.HAL_RCC_CSSCallback
                0x0000000008003ff4        0xe ./Drivers/STM32F4xx_HAL_Driver/Src/stm32f4xx_hal_rcc.o
                0x0000000008003ff4                HAL_RCC_CSSCallback
 *fill*         0x0000000008004002        0x2 
 .text.HAL_RCCEx_PeriphCLKConfig
                0x0000000008004004      0x1e0 ./Drivers/STM32F4xx_HAL_Driver/Src/stm32f4xx_hal_rcc_ex.o
                0x0000000008004004                HAL_RCCEx_PeriphCLKConfig
 .text.HAL_RTC_Init
                0x00000000080041e4       0xec ./Drivers/STM32F4xx_HAL_Driver/Src/stm32f4xx_hal_rtc.o
                0x00000000080041e4                HAL_RTC_Init
 .text.HAL_RTC_WaitForSynchro
                0x00000000080042d0       0x50 ./Drivers/STM32F4xx_HAL_Driver/Src/stm32f4xx_hal_rtc.o
                0x00000000080042d0                HAL_RTC_WaitForSynchro
 .text.RTC_EnterInitMode
                0x0000000008004320       0x6e ./Drivers/STM32F4xx_HAL_Driver/Src/stm32f4xx_hal_rtc.o
                0x0000000008004320                RTC_EnterInitMode
 .text.RTC_ExitInitMode
                0x000000000800438e       0x4a ./Drivers/STM32F4xx_HAL_Driver/Src/stm32f4xx_hal_rtc.o
                0x000000000800438e                RTC_ExitInitMode
 .text.HAL_SPI_Init
                0x00000000080043d8      0x112 ./Drivers/STM32F4xx_HAL_Driver/Src/stm32f4xx_hal_spi.o
                0x00000000080043d8                HAL_SPI_Init
 .text.HAL_SPI_Transmit
                0x00000000080044ea      0x278 ./Drivers/STM32F4xx_HAL_Driver/Src/stm32f4xx_hal_spi.o
                0x00000000080044ea                HAL_SPI_Transmit
 *fill*         0x0000000008004762        0x2 
 .text.SPI_WaitFlagStateUntilTimeout
                0x0000000008004764      0x110 ./Drivers/STM32F4xx_HAL_Driver/Src/stm32f4xx_hal_spi.o
 .text.SPI_EndRxTxTransaction
                0x0000000008004874       0x84 ./Drivers/STM32F4xx_HAL_Driver/Src/stm32f4xx_hal_spi.o
 .text.HAL_TIM_Encoder_Init
                0x00000000080048f8      0x14c ./Drivers/STM32F4xx_HAL_Driver/Src/stm32f4xx_hal_tim.o
                0x00000000080048f8                HAL_TIM_Encoder_Init
 .text.TIM_Base_SetConfig
                0x0000000008004a44      0x100 ./Drivers/STM32F4xx_HAL_Driver/Src/stm32f4xx_hal_tim.o
                0x0000000008004a44                TIM_Base_SetConfig
 .text.HAL_TIMEx_MasterConfigSynchronization
                0x0000000008004b44       0xdc ./Drivers/STM32F4xx_HAL_Driver/Src/stm32f4xx_hal_tim_ex.o
                0x0000000008004b44                HAL_TIMEx_MasterConfigSynchronization
 .text.USB_CoreInit
                0x0000000008004c20       0xc2 ./Drivers/STM32F4xx_HAL_Driver/Src/stm32f4xx_ll_usb.o
                0x0000000008004c20                USB_CoreInit
 *fill*         0x0000000008004ce2        0x2 
 .text.USB_SetTurnaroundTime
                0x0000000008004ce4      0x144 ./Drivers/STM32F4xx_HAL_Driver/Src/stm32f4xx_ll_usb.o
                0x0000000008004ce4                USB_SetTurnaroundTime
 .text.USB_EnableGlobalInt
                0x0000000008004e28       0x22 ./Drivers/STM32F4xx_HAL_Driver/Src/stm32f4xx_ll_usb.o
                0x0000000008004e28                USB_EnableGlobalInt
 .text.USB_DisableGlobalInt
                0x0000000008004e4a       0x22 ./Drivers/STM32F4xx_HAL_Driver/Src/stm32f4xx_ll_usb.o
                0x0000000008004e4a                USB_DisableGlobalInt
 .text.USB_SetCurrentMode
                0x0000000008004e6c       0x98 ./Drivers/STM32F4xx_HAL_Driver/Src/stm32f4xx_ll_usb.o
                0x0000000008004e6c                USB_SetCurrentMode
 .text.USB_DevInit
                0x0000000008004f04      0x2c8 ./Drivers/STM32F4xx_HAL_Driver/Src/stm32f4xx_ll_usb.o
                0x0000000008004f04                USB_DevInit
 .text.USB_FlushTxFifo
                0x00000000080051cc       0x68 ./Drivers/STM32F4xx_HAL_Driver/Src/stm32f4xx_ll_usb.o
                0x00000000080051cc                USB_FlushTxFifo
 .text.USB_FlushRxFifo
                0x0000000008005234       0x60 ./Drivers/STM32F4xx_HAL_Driver/Src/stm32f4xx_ll_usb.o
                0x0000000008005234                USB_FlushRxFifo
 .text.USB_SetDevSpeed
                0x0000000008005294       0x32 ./Drivers/STM32F4xx_HAL_Driver/Src/stm32f4xx_ll_usb.o
                0x0000000008005294                USB_SetDevSpeed
 .text.USB_GetDevSpeed
                0x00000000080052c6       0x4a ./Drivers/STM32F4xx_HAL_Driver/Src/stm32f4xx_ll_usb.o
                0x00000000080052c6                USB_GetDevSpeed
 .text.USB_ActivateEndpoint
                0x0000000008005310      0x10e ./Drivers/STM32F4xx_HAL_Driver/Src/stm32f4xx_ll_usb.o
                0x0000000008005310                USB_ActivateEndpoint
 *fill*         0x000000000800541e        0x2 
 .text.USB_DeactivateEndpoint
                0x0000000008005420      0x1b8 ./Drivers/STM32F4xx_HAL_Driver/Src/stm32f4xx_ll_usb.o
                0x0000000008005420                USB_DeactivateEndpoint
 .text.USB_EPStartXfer
                0x00000000080055d8      0x490 ./Drivers/STM32F4xx_HAL_Driver/Src/stm32f4xx_ll_usb.o
                0x00000000080055d8                USB_EPStartXfer
 .text.USB_EP0StartXfer
                0x0000000008005a68      0x2b0 ./Drivers/STM32F4xx_HAL_Driver/Src/stm32f4xx_ll_usb.o
                0x0000000008005a68                USB_EP0StartXfer
 .text.USB_EPStopXfer
                0x0000000008005d18      0x154 ./Drivers/STM32F4xx_HAL_Driver/Src/stm32f4xx_ll_usb.o
                0x0000000008005d18                USB_EPStopXfer
 .text.USB_WritePacket
                0x0000000008005e6c       0x7c ./Drivers/STM32F4xx_HAL_Driver/Src/stm32f4xx_ll_usb.o
                0x0000000008005e6c                USB_WritePacket
 .text.USB_ReadPacket
                0x0000000008005ee8       0xb0 ./Drivers/STM32F4xx_HAL_Driver/Src/stm32f4xx_ll_usb.o
                0x0000000008005ee8                USB_ReadPacket
 .text.USB_EPSetStall
                0x0000000008005f98       0xdc ./Drivers/STM32F4xx_HAL_Driver/Src/stm32f4xx_ll_usb.o
                0x0000000008005f98                USB_EPSetStall
 .text.USB_EPClearStall
                0x0000000008006074       0xcc ./Drivers/STM32F4xx_HAL_Driver/Src/stm32f4xx_ll_usb.o
                0x0000000008006074                USB_EPClearStall
 .text.USB_SetDevAddress
                0x0000000008006140       0x4c ./Drivers/STM32F4xx_HAL_Driver/Src/stm32f4xx_ll_usb.o
                0x0000000008006140                USB_SetDevAddress
 .text.USB_DevConnect
                0x000000000800618c       0x42 ./Drivers/STM32F4xx_HAL_Driver/Src/stm32f4xx_ll_usb.o
                0x000000000800618c                USB_DevConnect
 .text.USB_DevDisconnect
                0x00000000080061ce       0x42 ./Drivers/STM32F4xx_HAL_Driver/Src/stm32f4xx_ll_usb.o
                0x00000000080061ce                USB_DevDisconnect
 .text.USB_ReadInterrupts
                0x0000000008006210       0x26 ./Drivers/STM32F4xx_HAL_Driver/Src/stm32f4xx_ll_usb.o
                0x0000000008006210                USB_ReadInterrupts
 .text.USB_ReadDevAllOutEpInterrupt
                0x0000000008006236       0x34 ./Drivers/STM32F4xx_HAL_Driver/Src/stm32f4xx_ll_usb.o
                0x0000000008006236                USB_ReadDevAllOutEpInterrupt
 .text.USB_ReadDevAllInEpInterrupt
                0x000000000800626a       0x34 ./Drivers/STM32F4xx_HAL_Driver/Src/stm32f4xx_ll_usb.o
                0x000000000800626a                USB_ReadDevAllInEpInterrupt
 .text.USB_ReadDevOutEPInterrupt
                0x000000000800629e       0x3c ./Drivers/STM32F4xx_HAL_Driver/Src/stm32f4xx_ll_usb.o
                0x000000000800629e                USB_ReadDevOutEPInterrupt
 .text.USB_ReadDevInEPInterrupt
                0x00000000080062da       0x5c ./Drivers/STM32F4xx_HAL_Driver/Src/stm32f4xx_ll_usb.o
                0x00000000080062da                USB_ReadDevInEPInterrupt
 .text.USB_GetMode
                0x0000000008006336       0x1c ./Drivers/STM32F4xx_HAL_Driver/Src/stm32f4xx_ll_usb.o
                0x0000000008006336                USB_GetMode
 .text.USB_ActivateSetup
                0x0000000008006352       0x46 ./Drivers/STM32F4xx_HAL_Driver/Src/stm32f4xx_ll_usb.o
                0x0000000008006352                USB_ActivateSetup
 .text.USB_EP0_OutStart
                0x0000000008006398       0xbc ./Drivers/STM32F4xx_HAL_Driver/Src/stm32f4xx_ll_usb.o
                0x0000000008006398                USB_EP0_OutStart
 .text.USB_CoreReset
                0x0000000008006454       0x68 ./Drivers/STM32F4xx_HAL_Driver/Src/stm32f4xx_ll_usb.o
 .text.USBD_CDC_Init
                0x00000000080064bc      0x1f0 ./Middlewares/ST/STM32_USB_Device_Library/Class/CDC/Src/usbd_cdc.o
 .text.USBD_CDC_DeInit
                0x00000000080066ac      0x104 ./Middlewares/ST/STM32_USB_Device_Library/Class/CDC/Src/usbd_cdc.o
 .text.USBD_CDC_Setup
                0x00000000080067b0      0x1b8 ./Middlewares/ST/STM32_USB_Device_Library/Class/CDC/Src/usbd_cdc.o
 .text.USBD_CDC_DataIn
                0x0000000008006968       0xfe ./Middlewares/ST/STM32_USB_Device_Library/Class/CDC/Src/usbd_cdc.o
 .text.USBD_CDC_DataOut
                0x0000000008006a66       0x70 ./Middlewares/ST/STM32_USB_Device_Library/Class/CDC/Src/usbd_cdc.o
 .text.USBD_CDC_EP0_RxReady
                0x0000000008006ad6       0x76 ./Middlewares/ST/STM32_USB_Device_Library/Class/CDC/Src/usbd_cdc.o
 .text.USBD_CDC_GetFSCfgDesc
                0x0000000008006b4c       0x70 ./Middlewares/ST/STM32_USB_Device_Library/Class/CDC/Src/usbd_cdc.o
 .text.USBD_CDC_GetHSCfgDesc
                0x0000000008006bbc       0x70 ./Middlewares/ST/STM32_USB_Device_Library/Class/CDC/Src/usbd_cdc.o
 .text.USBD_CDC_GetOtherSpeedCfgDesc
                0x0000000008006c2c       0x70 ./Middlewares/ST/STM32_USB_Device_Library/Class/CDC/Src/usbd_cdc.o
 .text.USBD_CDC_GetDeviceQualifierDescriptor
                0x0000000008006c9c       0x20 ./Middlewares/ST/STM32_USB_Device_Library/Class/CDC/Src/usbd_cdc.o
                0x0000000008006c9c                USBD_CDC_GetDeviceQualifierDescriptor
 .text.USBD_CDC_RegisterInterface
                0x0000000008006cbc       0x34 ./Middlewares/ST/STM32_USB_Device_Library/Class/CDC/Src/usbd_cdc.o
                0x0000000008006cbc                USBD_CDC_RegisterInterface
 .text.USBD_CDC_SetTxBuffer
                0x0000000008006cf0       0x44 ./Middlewares/ST/STM32_USB_Device_Library/Class/CDC/Src/usbd_cdc.o
                0x0000000008006cf0                USBD_CDC_SetTxBuffer
 .text.USBD_CDC_SetRxBuffer
                0x0000000008006d34       0x3a ./Middlewares/ST/STM32_USB_Device_Library/Class/CDC/Src/usbd_cdc.o
                0x0000000008006d34                USBD_CDC_SetRxBuffer
 *fill*         0x0000000008006d6e        0x2 
 .text.USBD_CDC_ReceivePacket
                0x0000000008006d70       0x6c ./Middlewares/ST/STM32_USB_Device_Library/Class/CDC/Src/usbd_cdc.o
                0x0000000008006d70                USBD_CDC_ReceivePacket
 .text.USBD_Init
                0x0000000008006ddc       0x60 ./Middlewares/ST/STM32_USB_Device_Library/Core/Src/usbd_core.o
                0x0000000008006ddc                USBD_Init
 .text.USBD_RegisterClass
                0x0000000008006e3c       0x6c ./Middlewares/ST/STM32_USB_Device_Library/Core/Src/usbd_core.o
                0x0000000008006e3c                USBD_RegisterClass
 .text.USBD_Start
                0x0000000008006ea8       0x18 ./Middlewares/ST/STM32_USB_Device_Library/Core/Src/usbd_core.o
                0x0000000008006ea8                USBD_Start
 .text.USBD_RunTestMode
                0x0000000008006ec0       0x16 ./Middlewares/ST/STM32_USB_Device_Library/Core/Src/usbd_core.o
                0x0000000008006ec0                USBD_RunTestMode
 .text.USBD_SetClassConfig
                0x0000000008006ed6       0x38 ./Middlewares/ST/STM32_USB_Device_Library/Core/Src/usbd_core.o
                0x0000000008006ed6                USBD_SetClassConfig
 .text.USBD_ClrClassConfig
                0x0000000008006f0e       0x34 ./Middlewares/ST/STM32_USB_Device_Library/Core/Src/usbd_core.o
                0x0000000008006f0e                USBD_ClrClassConfig
 .text.USBD_LL_SetupStage
                0x0000000008006f42       0xaa ./Middlewares/ST/STM32_USB_Device_Library/Core/Src/usbd_core.o
                0x0000000008006f42                USBD_LL_SetupStage
 .text.USBD_LL_DataOutStage
                0x0000000008006fec      0x166 ./Middlewares/ST/STM32_USB_Device_Library/Core/Src/usbd_core.o
                0x0000000008006fec                USBD_LL_DataOutStage
 .text.USBD_LL_DataInStage
                0x0000000008007152      0x164 ./Middlewares/ST/STM32_USB_Device_Library/Core/Src/usbd_core.o
                0x0000000008007152                USBD_LL_DataInStage
 .text.USBD_LL_Reset
                0x00000000080072b6       0xa4 ./Middlewares/ST/STM32_USB_Device_Library/Core/Src/usbd_core.o
                0x00000000080072b6                USBD_LL_Reset
 .text.USBD_LL_SetSpeed
                0x000000000800735a       0x20 ./Middlewares/ST/STM32_USB_Device_Library/Core/Src/usbd_core.o
                0x000000000800735a                USBD_LL_SetSpeed
 .text.USBD_LL_Suspend
                0x000000000800737a       0x2c ./Middlewares/ST/STM32_USB_Device_Library/Core/Src/usbd_core.o
                0x000000000800737a                USBD_LL_Suspend
 .text.USBD_LL_Resume
                0x00000000080073a6       0x30 ./Middlewares/ST/STM32_USB_Device_Library/Core/Src/usbd_core.o
                0x00000000080073a6                USBD_LL_Resume
 .text.USBD_LL_SOF
                0x00000000080073d6       0x40 ./Middlewares/ST/STM32_USB_Device_Library/Core/Src/usbd_core.o
                0x00000000080073d6                USBD_LL_SOF
 .text.USBD_LL_IsoINIncomplete
                0x0000000008007416       0x64 ./Middlewares/ST/STM32_USB_Device_Library/Core/Src/usbd_core.o
                0x0000000008007416                USBD_LL_IsoINIncomplete
 .text.USBD_LL_IsoOUTIncomplete
                0x000000000800747a       0x64 ./Middlewares/ST/STM32_USB_Device_Library/Core/Src/usbd_core.o
                0x000000000800747a                USBD_LL_IsoOUTIncomplete
 .text.USBD_LL_DevConnected
                0x00000000080074de       0x16 ./Middlewares/ST/STM32_USB_Device_Library/Core/Src/usbd_core.o
                0x00000000080074de                USBD_LL_DevConnected
 .text.USBD_LL_DevDisconnected
                0x00000000080074f4       0x46 ./Middlewares/ST/STM32_USB_Device_Library/Core/Src/usbd_core.o
                0x00000000080074f4                USBD_LL_DevDisconnected
 .text.USBD_CoreFindIF
                0x000000000800753a       0x1a ./Middlewares/ST/STM32_USB_Device_Library/Core/Src/usbd_core.o
                0x000000000800753a                USBD_CoreFindIF
 .text.USBD_CoreFindEP
                0x0000000008007554       0x1a ./Middlewares/ST/STM32_USB_Device_Library/Core/Src/usbd_core.o
                0x0000000008007554                USBD_CoreFindEP
 .text.USBD_GetEpDesc
                0x000000000800756e       0x74 ./Middlewares/ST/STM32_USB_Device_Library/Core/Src/usbd_core.o
                0x000000000800756e                USBD_GetEpDesc
 .text.USBD_GetNextDesc
                0x00000000080075e2       0x3a ./Middlewares/ST/STM32_USB_Device_Library/Core/Src/usbd_core.o
                0x00000000080075e2                USBD_GetNextDesc
 .text.SWAPBYTE
                0x000000000800761c       0x3c ./Middlewares/ST/STM32_USB_Device_Library/Core/Src/usbd_ctlreq.o
 .text.USBD_StdDevReq
                0x0000000008007658       0xe4 ./Middlewares/ST/STM32_USB_Device_Library/Core/Src/usbd_ctlreq.o
                0x0000000008007658                USBD_StdDevReq
 .text.USBD_StdItfReq
                0x000000000800773c       0xd8 ./Middlewares/ST/STM32_USB_Device_Library/Core/Src/usbd_ctlreq.o
                0x000000000800773c                USBD_StdItfReq
 .text.USBD_StdEPReq
                0x0000000008007814      0x33a ./Middlewares/ST/STM32_USB_Device_Library/Core/Src/usbd_ctlreq.o
                0x0000000008007814                USBD_StdEPReq
 *fill*         0x0000000008007b4e        0x2 
 .text.USBD_GetDescriptor
                0x0000000008007b50      0x2d4 ./Middlewares/ST/STM32_USB_Device_Library/Core/Src/usbd_ctlreq.o
 .text.USBD_SetAddress
                0x0000000008007e24       0x88 ./Middlewares/ST/STM32_USB_Device_Library/Core/Src/usbd_ctlreq.o
 .text.USBD_SetConfig
                0x0000000008007eac      0x154 ./Middlewares/ST/STM32_USB_Device_Library/Core/Src/usbd_ctlreq.o
 .text.USBD_GetConfig
                0x0000000008008000       0x6c ./Middlewares/ST/STM32_USB_Device_Library/Core/Src/usbd_ctlreq.o
 .text.USBD_GetStatus
                0x000000000800806c       0x68 ./Middlewares/ST/STM32_USB_Device_Library/Core/Src/usbd_ctlreq.o
 .text.USBD_SetFeature
                0x00000000080080d4       0x52 ./Middlewares/ST/STM32_USB_Device_Library/Core/Src/usbd_ctlreq.o
 .text.USBD_ClrFeature
                0x0000000008008126       0x44 ./Middlewares/ST/STM32_USB_Device_Library/Core/Src/usbd_ctlreq.o
 .text.USBD_ParseSetupRequest
                0x000000000800816a       0x74 ./Middlewares/ST/STM32_USB_Device_Library/Core/Src/usbd_ctlreq.o
                0x000000000800816a                USBD_ParseSetupRequest
 .text.USBD_CtlError
                0x00000000080081de       0x22 ./Middlewares/ST/STM32_USB_Device_Library/Core/Src/usbd_ctlreq.o
                0x00000000080081de                USBD_CtlError
 .text.USBD_GetString
                0x0000000008008200       0x8c ./Middlewares/ST/STM32_USB_Device_Library/Core/Src/usbd_ctlreq.o
                0x0000000008008200                USBD_GetString
 .text.USBD_GetLen
                0x000000000800828c       0x34 ./Middlewares/ST/STM32_USB_Device_Library/Core/Src/usbd_ctlreq.o
 .text.USBD_CtlSendData
                0x00000000080082c0       0x36 ./Middlewares/ST/STM32_USB_Device_Library/Core/Src/usbd_ioreq.o
                0x00000000080082c0                USBD_CtlSendData
 .text.USBD_CtlContinueSendData
                0x00000000080082f6       0x22 ./Middlewares/ST/STM32_USB_Device_Library/Core/Src/usbd_ioreq.o
                0x00000000080082f6                USBD_CtlContinueSendData
 .text.USBD_CtlPrepareRx
                0x0000000008008318       0x3a ./Middlewares/ST/STM32_USB_Device_Library/Core/Src/usbd_ioreq.o
                0x0000000008008318                USBD_CtlPrepareRx
 .text.USBD_CtlContinueRx
                0x0000000008008352       0x22 ./Middlewares/ST/STM32_USB_Device_Library/Core/Src/usbd_ioreq.o
                0x0000000008008352                USBD_CtlContinueRx
 .text.USBD_CtlSendStatus
                0x0000000008008374       0x26 ./Middlewares/ST/STM32_USB_Device_Library/Core/Src/usbd_ioreq.o
                0x0000000008008374                USBD_CtlSendStatus
 .text.USBD_CtlReceiveStatus
                0x000000000800839a       0x26 ./Middlewares/ST/STM32_USB_Device_Library/Core/Src/usbd_ioreq.o
                0x000000000800839a                USBD_CtlReceiveStatus
 .text.MX_USB_DEVICE_Init
                0x00000000080083c0       0x60 ./USB_DEVICE/App/usb_device.o
                0x00000000080083c0                MX_USB_DEVICE_Init
 .text.CDC_Init_FS
                0x0000000008008420       0x28 ./USB_DEVICE/App/usbd_cdc_if.o
 .text.CDC_DeInit_FS
                0x0000000008008448       0x10 ./USB_DEVICE/App/usbd_cdc_if.o
 .text.CDC_Control_FS
                0x0000000008008458       0xbc ./USB_DEVICE/App/usbd_cdc_if.o
 .text.CDC_Receive_FS
                0x0000000008008514       0x28 ./USB_DEVICE/App/usbd_cdc_if.o
 .text.CDC_TransmitCplt_FS
                0x000000000800853c       0x22 ./USB_DEVICE/App/usbd_cdc_if.o
 *fill*         0x000000000800855e        0x2 
 .text.USBD_FS_DeviceDescriptor
                0x0000000008008560       0x24 ./USB_DEVICE/App/usbd_desc.o
                0x0000000008008560                USBD_FS_DeviceDescriptor
 .text.USBD_FS_LangIDStrDescriptor
                0x0000000008008584       0x24 ./USB_DEVICE/App/usbd_desc.o
                0x0000000008008584                USBD_FS_LangIDStrDescriptor
 .text.USBD_FS_ProductStrDescriptor
                0x00000000080085a8       0x3c ./USB_DEVICE/App/usbd_desc.o
                0x00000000080085a8                USBD_FS_ProductStrDescriptor
 .text.USBD_FS_ManufacturerStrDescriptor
                0x00000000080085e4       0x28 ./USB_DEVICE/App/usbd_desc.o
                0x00000000080085e4                USBD_FS_ManufacturerStrDescriptor
 .text.USBD_FS_SerialStrDescriptor
                0x000000000800860c       0x24 ./USB_DEVICE/App/usbd_desc.o
                0x000000000800860c                USBD_FS_SerialStrDescriptor
 .text.USBD_FS_ConfigStrDescriptor
                0x0000000008008630       0x3c ./USB_DEVICE/App/usbd_desc.o
                0x0000000008008630                USBD_FS_ConfigStrDescriptor
 .text.USBD_FS_InterfaceStrDescriptor
                0x000000000800866c       0x3c ./USB_DEVICE/App/usbd_desc.o
                0x000000000800866c                USBD_FS_InterfaceStrDescriptor
 .text.Get_SerialNum
                0x00000000080086a8       0x58 ./USB_DEVICE/App/usbd_desc.o
 .text.IntToUnicode
                0x0000000008008700       0x7e ./USB_DEVICE/App/usbd_desc.o
 *fill*         0x000000000800877e        0x2 
 .text.HAL_PCD_MspInit
                0x0000000008008780       0xa8 ./USB_DEVICE/Target/usbd_conf.o
                0x0000000008008780                HAL_PCD_MspInit
 .text.HAL_PCD_SetupStageCallback
                0x0000000008008828       0x24 ./USB_DEVICE/Target/usbd_conf.o
                0x0000000008008828                HAL_PCD_SetupStageCallback
 .text.HAL_PCD_DataOutStageCallback
                0x000000000800884c       0x36 ./USB_DEVICE/Target/usbd_conf.o
                0x000000000800884c                HAL_PCD_DataOutStageCallback
 .text.HAL_PCD_DataInStageCallback
                0x0000000008008882       0x34 ./USB_DEVICE/Target/usbd_conf.o
                0x0000000008008882                HAL_PCD_DataInStageCallback
 .text.HAL_PCD_SOFCallback
                0x00000000080088b6       0x1c ./USB_DEVICE/Target/usbd_conf.o
                0x00000000080088b6                HAL_PCD_SOFCallback
 .text.HAL_PCD_ResetCallback
                0x00000000080088d2       0x3c ./USB_DEVICE/Target/usbd_conf.o
                0x00000000080088d2                HAL_PCD_ResetCallback
 *fill*         0x000000000800890e        0x2 
 .text.HAL_PCD_SuspendCallback
                0x0000000008008910       0x4c ./USB_DEVICE/Target/usbd_conf.o
                0x0000000008008910                HAL_PCD_SuspendCallback
 .text.HAL_PCD_ResumeCallback
                0x000000000800895c       0x1c ./USB_DEVICE/Target/usbd_conf.o
                0x000000000800895c                HAL_PCD_ResumeCallback
 .text.HAL_PCD_ISOOUTIncompleteCallback
                0x0000000008008978       0x24 ./USB_DEVICE/Target/usbd_conf.o
                0x0000000008008978                HAL_PCD_ISOOUTIncompleteCallback
 .text.HAL_PCD_ISOINIncompleteCallback
                0x000000000800899c       0x24 ./USB_DEVICE/Target/usbd_conf.o
                0x000000000800899c                HAL_PCD_ISOINIncompleteCallback
 .text.HAL_PCD_ConnectCallback
                0x00000000080089c0       0x1c ./USB_DEVICE/Target/usbd_conf.o
                0x00000000080089c0                HAL_PCD_ConnectCallback
 .text.HAL_PCD_DisconnectCallback
                0x00000000080089dc       0x1c ./USB_DEVICE/Target/usbd_conf.o
                0x00000000080089dc                HAL_PCD_DisconnectCallback
 .text.USBD_LL_Init
                0x00000000080089f8       0x98 ./USB_DEVICE/Target/usbd_conf.o
                0x00000000080089f8                USBD_LL_Init
 .text.USBD_LL_Start
                0x0000000008008a90       0x36 ./USB_DEVICE/Target/usbd_conf.o
                0x0000000008008a90                USBD_LL_Start
 .text.USBD_LL_OpenEP
                0x0000000008008ac6       0x4c ./USB_DEVICE/Target/usbd_conf.o
                0x0000000008008ac6                USBD_LL_OpenEP
 .text.USBD_LL_CloseEP
                0x0000000008008b12       0x3e ./USB_DEVICE/Target/usbd_conf.o
                0x0000000008008b12                USBD_LL_CloseEP
 .text.USBD_LL_StallEP
                0x0000000008008b50       0x3e ./USB_DEVICE/Target/usbd_conf.o
                0x0000000008008b50                USBD_LL_StallEP
 .text.USBD_LL_ClearStallEP
                0x0000000008008b8e       0x3e ./USB_DEVICE/Target/usbd_conf.o
                0x0000000008008b8e                USBD_LL_ClearStallEP
 .text.USBD_LL_IsStallEP
                0x0000000008008bcc       0x58 ./USB_DEVICE/Target/usbd_conf.o
                0x0000000008008bcc                USBD_LL_IsStallEP
 .text.USBD_LL_SetUSBAddress
                0x0000000008008c24       0x3e ./USB_DEVICE/Target/usbd_conf.o
                0x0000000008008c24                USBD_LL_SetUSBAddress
 .text.USBD_LL_Transmit
                0x0000000008008c62       0x42 ./USB_DEVICE/Target/usbd_conf.o
                0x0000000008008c62                USBD_LL_Transmit
 .text.USBD_LL_PrepareReceive
                0x0000000008008ca4       0x42 ./USB_DEVICE/Target/usbd_conf.o
                0x0000000008008ca4                USBD_LL_PrepareReceive
 .text.USBD_LL_GetRxDataSize
                0x0000000008008ce6       0x26 ./USB_DEVICE/Target/usbd_conf.o
                0x0000000008008ce6                USBD_LL_GetRxDataSize
 .text.USBD_static_malloc
                0x0000000008008d0c       0x1c ./USB_DEVICE/Target/usbd_conf.o
                0x0000000008008d0c                USBD_static_malloc
 .text.USBD_static_free
                0x0000000008008d28       0x14 ./USB_DEVICE/Target/usbd_conf.o
                0x0000000008008d28                USBD_static_free
 .text.USBD_Get_USB_Status
                0x0000000008008d3c       0x58 ./USB_DEVICE/Target/usbd_conf.o
                0x0000000008008d3c                USBD_Get_USB_Status
 .text.__libc_init_array
                0x0000000008008d94       0x48 c:/st/stm32cubeide_1.9.0/stm32cubeide/plugins/com.st.stm32cube.ide.mcu.externaltools.gnu-tools-for-stm32.10.3-2021.10.win32_1.0.0.202111181127/tools/bin/../lib/gcc/arm-none-eabi/10.3.1/../../../../arm-none-eabi/lib/thumb/v7e-m+fp/hard\libc_nano.a(lib_a-init.o)
                0x0000000008008d94                __libc_init_array
 .text.memset   0x0000000008008ddc       0x10 c:/st/stm32cubeide_1.9.0/stm32cubeide/plugins/com.st.stm32cube.ide.mcu.externaltools.gnu-tools-for-stm32.10.3-2021.10.win32_1.0.0.202111181127/tools/bin/../lib/gcc/arm-none-eabi/10.3.1/../../../../arm-none-eabi/lib/thumb/v7e-m+fp/hard\libc_nano.a(lib_a-memset.o)
                0x0000000008008ddc                memset
 *(.glue_7)
 .glue_7        0x0000000008008dec        0x0 linker stubs
 *(.glue_7t)
 .glue_7t       0x0000000008008dec        0x0 linker stubs
 *(.eh_frame)
 .eh_frame      0x0000000008008dec        0x0 c:/st/stm32cubeide_1.9.0/stm32cubeide/plugins/com.st.stm32cube.ide.mcu.externaltools.gnu-tools-for-stm32.10.3-2021.10.win32_1.0.0.202111181127/tools/bin/../lib/gcc/arm-none-eabi/10.3.1/thumb/v7e-m+fp/hard/crtbegin.o
 *(.init)
 .init          0x0000000008008dec        0x4 c:/st/stm32cubeide_1.9.0/stm32cubeide/plugins/com.st.stm32cube.ide.mcu.externaltools.gnu-tools-for-stm32.10.3-2021.10.win32_1.0.0.202111181127/tools/bin/../lib/gcc/arm-none-eabi/10.3.1/thumb/v7e-m+fp/hard/crti.o
                0x0000000008008dec                _init
 .init          0x0000000008008df0        0x8 c:/st/stm32cubeide_1.9.0/stm32cubeide/plugins/com.st.stm32cube.ide.mcu.externaltools.gnu-tools-for-stm32.10.3-2021.10.win32_1.0.0.202111181127/tools/bin/../lib/gcc/arm-none-eabi/10.3.1/thumb/v7e-m+fp/hard/crtn.o
 *(.fini)
 .fini          0x0000000008008df8        0x4 c:/st/stm32cubeide_1.9.0/stm32cubeide/plugins/com.st.stm32cube.ide.mcu.externaltools.gnu-tools-for-stm32.10.3-2021.10.win32_1.0.0.202111181127/tools/bin/../lib/gcc/arm-none-eabi/10.3.1/thumb/v7e-m+fp/hard/crti.o
                0x0000000008008df8                _fini
 .fini          0x0000000008008dfc        0x8 c:/st/stm32cubeide_1.9.0/stm32cubeide/plugins/com.st.stm32cube.ide.mcu.externaltools.gnu-tools-for-stm32.10.3-2021.10.win32_1.0.0.202111181127/tools/bin/../lib/gcc/arm-none-eabi/10.3.1/thumb/v7e-m+fp/hard/crtn.o
                0x0000000008008e04                . = ALIGN (0x4)
                0x0000000008008e04                _etext = .

.vfp11_veneer   0x0000000008008e04        0x0
 .vfp11_veneer  0x0000000008008e04        0x0 linker stubs

.v4_bx          0x0000000008008e04        0x0
 .v4_bx         0x0000000008008e04        0x0 linker stubs

.iplt           0x0000000008008e04        0x0
 .iplt          0x0000000008008e04        0x0 c:/st/stm32cubeide_1.9.0/stm32cubeide/plugins/com.st.stm32cube.ide.mcu.externaltools.gnu-tools-for-stm32.10.3-2021.10.win32_1.0.0.202111181127/tools/bin/../lib/gcc/arm-none-eabi/10.3.1/thumb/v7e-m+fp/hard/crtbegin.o

.rodata         0x0000000008008e04      0xe48
                0x0000000008008e04                . = ALIGN (0x4)
 *(.rodata)
 .rodata        0x0000000008008e04        0x9 ./Core/Src/main.o
 *fill*         0x0000000008008e0d        0x3 
 .rodata        0x0000000008008e10       0x46 ./USB_DEVICE/App/usbd_desc.o
 *(.rodata*)
 *fill*         0x0000000008008e56        0x2 
 .rodata.Font11x18
                0x0000000008008e58      0xd5c ./Core/Src/fonts.o
 .rodata.init_cmds1
                0x0000000008009bb4       0x3b ./Core/Src/st7735.o
 *fill*         0x0000000008009bef        0x1 
 .rodata.init_cmds2
                0x0000000008009bf0        0xd ./Core/Src/st7735.o
 *fill*         0x0000000008009bfd        0x3 
 .rodata.init_cmds3
                0x0000000008009c00       0x2b ./Core/Src/st7735.o
 *fill*         0x0000000008009c2b        0x1 
 .rodata.AHBPrescTable
                0x0000000008009c2c       0x10 ./Core/Src/system_stm32f4xx.o
                0x0000000008009c2c                AHBPrescTable
 .rodata.APBPrescTable
                0x0000000008009c3c        0x8 ./Core/Src/system_stm32f4xx.o
                0x0000000008009c3c                APBPrescTable
 .rodata.flagBitshiftOffset.0
                0x0000000008009c44        0x8 ./Drivers/STM32F4xx_HAL_Driver/Src/stm32f4xx_hal_dma.o
                0x0000000008009c4c                . = ALIGN (0x4)

.ARM.extab      0x0000000008009c4c        0x0
                0x0000000008009c4c                . = ALIGN (0x4)
 *(.ARM.extab* .gnu.linkonce.armextab.*)
                0x0000000008009c4c                . = ALIGN (0x4)

.ARM            0x0000000008009c4c        0x8
                0x0000000008009c4c                . = ALIGN (0x4)
                0x0000000008009c4c                __exidx_start = .
 *(.ARM.exidx*)
 .ARM.exidx     0x0000000008009c4c        0x8 c:/st/stm32cubeide_1.9.0/stm32cubeide/plugins/com.st.stm32cube.ide.mcu.externaltools.gnu-tools-for-stm32.10.3-2021.10.win32_1.0.0.202111181127/tools/bin/../lib/gcc/arm-none-eabi/10.3.1/thumb/v7e-m+fp/hard\libgcc.a(_udivmoddi4.o)
                0x0000000008009c54                __exidx_end = .
                0x0000000008009c54                . = ALIGN (0x4)

.rel.dyn        0x0000000008009c54        0x0
 .rel.iplt      0x0000000008009c54        0x0 c:/st/stm32cubeide_1.9.0/stm32cubeide/plugins/com.st.stm32cube.ide.mcu.externaltools.gnu-tools-for-stm32.10.3-2021.10.win32_1.0.0.202111181127/tools/bin/../lib/gcc/arm-none-eabi/10.3.1/thumb/v7e-m+fp/hard/crtbegin.o

.preinit_array  0x0000000008009c54        0x0
                0x0000000008009c54                . = ALIGN (0x4)
                0x0000000008009c54                PROVIDE (__preinit_array_start = .)
 *(.preinit_array*)
                0x0000000008009c54                PROVIDE (__preinit_array_end = .)
                0x0000000008009c54                . = ALIGN (0x4)

.init_array     0x0000000008009c54        0x4
                0x0000000008009c54                . = ALIGN (0x4)
                0x0000000008009c54                PROVIDE (__init_array_start = .)
 *(SORT_BY_NAME(.init_array.*))
 *(.init_array*)
 .init_array    0x0000000008009c54        0x4 c:/st/stm32cubeide_1.9.0/stm32cubeide/plugins/com.st.stm32cube.ide.mcu.externaltools.gnu-tools-for-stm32.10.3-2021.10.win32_1.0.0.202111181127/tools/bin/../lib/gcc/arm-none-eabi/10.3.1/thumb/v7e-m+fp/hard/crtbegin.o
                0x0000000008009c58                PROVIDE (__init_array_end = .)
                0x0000000008009c58                . = ALIGN (0x4)

.fini_array     0x0000000008009c58        0x4
                0x0000000008009c58                . = ALIGN (0x4)
                [!provide]                        PROVIDE (__fini_array_start = .)
 *(SORT_BY_NAME(.fini_array.*))
 *(.fini_array*)
 .fini_array    0x0000000008009c58        0x4 c:/st/stm32cubeide_1.9.0/stm32cubeide/plugins/com.st.stm32cube.ide.mcu.externaltools.gnu-tools-for-stm32.10.3-2021.10.win32_1.0.0.202111181127/tools/bin/../lib/gcc/arm-none-eabi/10.3.1/thumb/v7e-m+fp/hard/crtbegin.o
                [!provide]                        PROVIDE (__fini_array_end = .)
                0x0000000008009c5c                . = ALIGN (0x4)
                0x0000000008009c5c                _sidata = LOADADDR (.data)

.data           0x0000000020000000      0x110 load address 0x0000000008009c5c
                0x0000000020000000                . = ALIGN (0x4)
                0x0000000020000000                _sdata = .
 *(.data)
 *(.data*)
 .data.Font_11x18
                0x0000000020000000        0x8 ./Core/Src/fonts.o
                0x0000000020000000                Font_11x18
 .data._data_rotation
                0x0000000020000008        0x4 ./Core/Src/st7735.o
 .data._height  0x000000002000000c        0x2 ./Core/Src/st7735.o
 .data._width   0x000000002000000e        0x2 ./Core/Src/st7735.o
 .data._xstart  0x0000000020000010        0x1 ./Core/Src/st7735.o
 .data._ystart  0x0000000020000011        0x1 ./Core/Src/st7735.o
 *fill*         0x0000000020000012        0x2 
 .data.SystemCoreClock
                0x0000000020000014        0x4 ./Core/Src/system_stm32f4xx.o
                0x0000000020000014                SystemCoreClock
 .data.uwTickPrio
                0x0000000020000018        0x4 ./Drivers/STM32F4xx_HAL_Driver/Src/stm32f4xx_hal.o
                0x0000000020000018                uwTickPrio
 .data.uwTickFreq
                0x000000002000001c        0x1 ./Drivers/STM32F4xx_HAL_Driver/Src/stm32f4xx_hal.o
                0x000000002000001c                uwTickFreq
 *fill*         0x000000002000001d        0x3 
 .data.USBD_CDC_DeviceQualifierDesc
                0x0000000020000020        0xa ./Middlewares/ST/STM32_USB_Device_Library/Class/CDC/Src/usbd_cdc.o
 *fill*         0x000000002000002a        0x2 
 .data.USBD_CDC
                0x000000002000002c       0x38 ./Middlewares/ST/STM32_USB_Device_Library/Class/CDC/Src/usbd_cdc.o
                0x000000002000002c                USBD_CDC
 .data.USBD_CDC_CfgDesc
                0x0000000020000064       0x43 ./Middlewares/ST/STM32_USB_Device_Library/Class/CDC/Src/usbd_cdc.o
 .data.CDCInEpAdd
                0x00000000200000a7        0x1 ./Middlewares/ST/STM32_USB_Device_Library/Class/CDC/Src/usbd_cdc.o
 .data.CDCOutEpAdd
                0x00000000200000a8        0x1 ./Middlewares/ST/STM32_USB_Device_Library/Class/CDC/Src/usbd_cdc.o
 .data.CDCCmdEpAdd
                0x00000000200000a9        0x1 ./Middlewares/ST/STM32_USB_Device_Library/Class/CDC/Src/usbd_cdc.o
 *fill*         0x00000000200000aa        0x2 
 .data.USBD_Interface_fops_FS
                0x00000000200000ac       0x14 ./USB_DEVICE/App/usbd_cdc_if.o
                0x00000000200000ac                USBD_Interface_fops_FS
 .data.FS_Desc  0x00000000200000c0       0x1c ./USB_DEVICE/App/usbd_desc.o
                0x00000000200000c0                FS_Desc
 .data.USBD_FS_DeviceDesc
                0x00000000200000dc       0x12 ./USB_DEVICE/App/usbd_desc.o
                0x00000000200000dc                USBD_FS_DeviceDesc
 *fill*         0x00000000200000ee        0x2 
 .data.USBD_LangIDDesc
                0x00000000200000f0        0x4 ./USB_DEVICE/App/usbd_desc.o
                0x00000000200000f0                USBD_LangIDDesc
 .data.USBD_StringSerial
                0x00000000200000f4       0x1a ./USB_DEVICE/App/usbd_desc.o
                0x00000000200000f4                USBD_StringSerial
 *(.RamFunc)
 *(.RamFunc*)
                0x0000000020000110                . = ALIGN (0x4)
 *fill*         0x000000002000010e        0x2 
                0x0000000020000110                _edata = .

.igot.plt       0x0000000020000110        0x0 load address 0x0000000008009d6c
 .igot.plt      0x0000000020000110        0x0 c:/st/stm32cubeide_1.9.0/stm32cubeide/plugins/com.st.stm32cube.ide.mcu.externaltools.gnu-tools-for-stm32.10.3-2021.10.win32_1.0.0.202111181127/tools/bin/../lib/gcc/arm-none-eabi/10.3.1/thumb/v7e-m+fp/hard/crtbegin.o
                0x0000000020000110                . = ALIGN (0x4)

.bss            0x0000000020000110     0x1da4 load address 0x0000000008009d6c
                0x0000000020000110                _sbss = .
                0x0000000020000110                __bss_start__ = _sbss
 *(.bss)
 .bss           0x0000000020000110       0x1c c:/st/stm32cubeide_1.9.0/stm32cubeide/plugins/com.st.stm32cube.ide.mcu.externaltools.gnu-tools-for-stm32.10.3-2021.10.win32_1.0.0.202111181127/tools/bin/../lib/gcc/arm-none-eabi/10.3.1/thumb/v7e-m+fp/hard/crtbegin.o
 *(.bss*)
 .bss.hi2c1     0x000000002000012c       0x54 ./Core/Src/i2c.o
                0x000000002000012c                hi2c1
 .bss.hrtc      0x0000000020000180       0x20 ./Core/Src/rtc.o
                0x0000000020000180                hrtc
 .bss.hspi2     0x00000000200001a0       0x58 ./Core/Src/spi.o
                0x00000000200001a0                hspi2
 .bss.hdma_spi2_tx
                0x00000000200001f8       0x60 ./Core/Src/spi.o
                0x00000000200001f8                hdma_spi2_tx
 .bss._value_rotation
                0x0000000020000258        0x1 ./Core/Src/st7735.o
 *fill*         0x0000000020000259        0x3 
 .bss.htim2     0x000000002000025c       0x48 ./Core/Src/tim.o
                0x000000002000025c                htim2
 .bss.uwTick    0x00000000200002a4        0x4 ./Drivers/STM32F4xx_HAL_Driver/Src/stm32f4xx_hal.o
                0x00000000200002a4                uwTick
 .bss.cfgidx.0  0x00000000200002a8        0x1 ./Middlewares/ST/STM32_USB_Device_Library/Core/Src/usbd_ctlreq.o
 *fill*         0x00000000200002a9        0x3 
 .bss.hUsbDeviceFS
                0x00000000200002ac      0x2dc ./USB_DEVICE/App/usb_device.o
                0x00000000200002ac                hUsbDeviceFS
 .bss.UserRxBufferFS
                0x0000000020000588      0x800 ./USB_DEVICE/App/usbd_cdc_if.o
                0x0000000020000588                UserRxBufferFS
 .bss.UserTxBufferFS
                0x0000000020000d88      0x800 ./USB_DEVICE/App/usbd_cdc_if.o
                0x0000000020000d88                UserTxBufferFS
 .bss.USBD_StrDesc
                0x0000000020001588      0x200 ./USB_DEVICE/App/usbd_desc.o
                0x0000000020001588                USBD_StrDesc
 .bss.hpcd_USB_OTG_FS
                0x0000000020001788      0x50c ./USB_DEVICE/Target/usbd_conf.o
                0x0000000020001788                hpcd_USB_OTG_FS
 .bss.mem.0     0x0000000020001c94      0x220 ./USB_DEVICE/Target/usbd_conf.o
 *(COMMON)
                0x0000000020001eb4                . = ALIGN (0x4)
                0x0000000020001eb4                _ebss = .
                0x0000000020001eb4                __bss_end__ = _ebss

._user_heap_stack
                0x0000000020001eb4      0x604 load address 0x0000000008009d6c
                0x0000000020001eb8                . = ALIGN (0x8)
 *fill*         0x0000000020001eb4        0x4 
                [!provide]                        PROVIDE (end = .)
                0x0000000020001eb8                PROVIDE (_end = .)
                0x00000000200020b8                . = (. + _Min_Heap_Size)
 *fill*         0x0000000020001eb8      0x200 
                0x00000000200024b8                . = (. + _Min_Stack_Size)
 *fill*         0x00000000200020b8      0x400 
                0x00000000200024b8                . = ALIGN (0x8)

/DISCARD/
 libc.a(*)
 libm.a(*)
 libgcc.a(*)

.ARM.attributes
                0x0000000000000000       0x30
 *(.ARM.attributes)
 .ARM.attributes
                0x0000000000000000       0x1e c:/st/stm32cubeide_1.9.0/stm32cubeide/plugins/com.st.stm32cube.ide.mcu.externaltools.gnu-tools-for-stm32.10.3-2021.10.win32_1.0.0.202111181127/tools/bin/../lib/gcc/arm-none-eabi/10.3.1/thumb/v7e-m+fp/hard/crti.o
 .ARM.attributes
                0x000000000000001e       0x34 c:/st/stm32cubeide_1.9.0/stm32cubeide/plugins/com.st.stm32cube.ide.mcu.externaltools.gnu-tools-for-stm32.10.3-2021.10.win32_1.0.0.202111181127/tools/bin/../lib/gcc/arm-none-eabi/10.3.1/thumb/v7e-m+fp/hard/crtbegin.o
 .ARM.attributes
                0x0000000000000052       0x34 ./Core/Src/dma.o
 .ARM.attributes
                0x0000000000000086       0x34 ./Core/Src/fonts.o
 .ARM.attributes
                0x00000000000000ba       0x34 ./Core/Src/gpio.o
 .ARM.attributes
                0x00000000000000ee       0x34 ./Core/Src/i2c.o
 .ARM.attributes
                0x0000000000000122       0x34 ./Core/Src/main.o
 .ARM.attributes
                0x0000000000000156       0x34 ./Core/Src/rtc.o
 .ARM.attributes
                0x000000000000018a       0x34 ./Core/Src/spi.o
 .ARM.attributes
                0x00000000000001be       0x34 ./Core/Src/st7735.o
 .ARM.attributes
                0x00000000000001f2       0x34 ./Core/Src/stm32f4xx_hal_msp.o
 .ARM.attributes
                0x0000000000000226       0x34 ./Core/Src/stm32f4xx_it.o
 .ARM.attributes
                0x000000000000025a       0x34 ./Core/Src/system_stm32f4xx.o
 .ARM.attributes
                0x000000000000028e       0x34 ./Core/Src/tim.o
 .ARM.attributes
                0x00000000000002c2       0x21 ./Core/Startup/startup_stm32f411ceux.o
 .ARM.attributes
                0x00000000000002e3       0x34 ./Drivers/STM32F4xx_HAL_Driver/Src/stm32f4xx_hal.o
 .ARM.attributes
                0x0000000000000317       0x34 ./Drivers/STM32F4xx_HAL_Driver/Src/stm32f4xx_hal_cortex.o
 .ARM.attributes
                0x000000000000034b       0x34 ./Drivers/STM32F4xx_HAL_Driver/Src/stm32f4xx_hal_dma.o
 .ARM.attributes
                0x000000000000037f       0x34 ./Drivers/STM32F4xx_HAL_Driver/Src/stm32f4xx_hal_gpio.o
 .ARM.attributes
                0x00000000000003b3       0x34 ./Drivers/STM32F4xx_HAL_Driver/Src/stm32f4xx_hal_i2c.o
 .ARM.attributes
                0x00000000000003e7       0x34 ./Drivers/STM32F4xx_HAL_Driver/Src/stm32f4xx_hal_pcd.o
 .ARM.attributes
                0x000000000000041b       0x34 ./Drivers/STM32F4xx_HAL_Driver/Src/stm32f4xx_hal_pcd_ex.o
 .ARM.attributes
                0x000000000000044f       0x34 ./Drivers/STM32F4xx_HAL_Driver/Src/stm32f4xx_hal_rcc.o
 .ARM.attributes
                0x0000000000000483       0x34 ./Drivers/STM32F4xx_HAL_Driver/Src/stm32f4xx_hal_rcc_ex.o
 .ARM.attributes
                0x00000000000004b7       0x34 ./Drivers/STM32F4xx_HAL_Driver/Src/stm32f4xx_hal_rtc.o
 .ARM.attributes
                0x00000000000004eb       0x34 ./Drivers/STM32F4xx_HAL_Driver/Src/stm32f4xx_hal_spi.o
 .ARM.attributes
                0x000000000000051f       0x34 ./Drivers/STM32F4xx_HAL_Driver/Src/stm32f4xx_hal_tim.o
 .ARM.attributes
                0x0000000000000553       0x34 ./Drivers/STM32F4xx_HAL_Driver/Src/stm32f4xx_hal_tim_ex.o
 .ARM.attributes
                0x0000000000000587       0x34 ./Drivers/STM32F4xx_HAL_Driver/Src/stm32f4xx_ll_usb.o
 .ARM.attributes
                0x00000000000005bb       0x34 ./Middlewares/ST/STM32_USB_Device_Library/Class/CDC/Src/usbd_cdc.o
 .ARM.attributes
                0x00000000000005ef       0x34 ./Middlewares/ST/STM32_USB_Device_Library/Core/Src/usbd_core.o
 .ARM.attributes
                0x0000000000000623       0x34 ./Middlewares/ST/STM32_USB_Device_Library/Core/Src/usbd_ctlreq.o
 .ARM.attributes
                0x0000000000000657       0x34 ./Middlewares/ST/STM32_USB_Device_Library/Core/Src/usbd_ioreq.o
 .ARM.attributes
                0x000000000000068b       0x34 ./USB_DEVICE/App/usb_device.o
 .ARM.attributes
                0x00000000000006bf       0x34 ./USB_DEVICE/App/usbd_cdc_if.o
 .ARM.attributes
                0x00000000000006f3       0x34 ./USB_DEVICE/App/usbd_desc.o
 .ARM.attributes
                0x0000000000000727       0x34 ./USB_DEVICE/Target/usbd_conf.o
 .ARM.attributes
                0x000000000000075b       0x34 c:/st/stm32cubeide_1.9.0/stm32cubeide/plugins/com.st.stm32cube.ide.mcu.externaltools.gnu-tools-for-stm32.10.3-2021.10.win32_1.0.0.202111181127/tools/bin/../lib/gcc/arm-none-eabi/10.3.1/../../../../arm-none-eabi/lib/thumb/v7e-m+fp/hard\libc_nano.a(lib_a-init.o)
 .ARM.attributes
                0x000000000000078f       0x34 c:/st/stm32cubeide_1.9.0/stm32cubeide/plugins/com.st.stm32cube.ide.mcu.externaltools.gnu-tools-for-stm32.10.3-2021.10.win32_1.0.0.202111181127/tools/bin/../lib/gcc/arm-none-eabi/10.3.1/../../../../arm-none-eabi/lib/thumb/v7e-m+fp/hard\libc_nano.a(lib_a-memset.o)
 .ARM.attributes
                0x00000000000007c3       0x1e c:/st/stm32cubeide_1.9.0/stm32cubeide/plugins/com.st.stm32cube.ide.mcu.externaltools.gnu-tools-for-stm32.10.3-2021.10.win32_1.0.0.202111181127/tools/bin/../lib/gcc/arm-none-eabi/10.3.1/thumb/v7e-m+fp/hard\libgcc.a(_aeabi_uldivmod.o)
 .ARM.attributes
                0x00000000000007e1       0x34 c:/st/stm32cubeide_1.9.0/stm32cubeide/plugins/com.st.stm32cube.ide.mcu.externaltools.gnu-tools-for-stm32.10.3-2021.10.win32_1.0.0.202111181127/tools/bin/../lib/gcc/arm-none-eabi/10.3.1/thumb/v7e-m+fp/hard\libgcc.a(_udivmoddi4.o)
 .ARM.attributes
                0x0000000000000815       0x1e c:/st/stm32cubeide_1.9.0/stm32cubeide/plugins/com.st.stm32cube.ide.mcu.externaltools.gnu-tools-for-stm32.10.3-2021.10.win32_1.0.0.202111181127/tools/bin/../lib/gcc/arm-none-eabi/10.3.1/thumb/v7e-m+fp/hard\libgcc.a(_dvmd_tls.o)
 .ARM.attributes
                0x0000000000000833       0x1e c:/st/stm32cubeide_1.9.0/stm32cubeide/plugins/com.st.stm32cube.ide.mcu.externaltools.gnu-tools-for-stm32.10.3-2021.10.win32_1.0.0.202111181127/tools/bin/../lib/gcc/arm-none-eabi/10.3.1/thumb/v7e-m+fp/hard/crtn.o
OUTPUT(F411_ST7735_si4730_receiver.elf elf32-littlearm)
LOAD linker stubs
LOAD c:/st/stm32cubeide_1.9.0/stm32cubeide/plugins/com.st.stm32cube.ide.mcu.externaltools.gnu-tools-for-stm32.10.3-2021.10.win32_1.0.0.202111181127/tools/bin/../lib/gcc/arm-none-eabi/10.3.1/../../../../arm-none-eabi/lib/thumb/v7e-m+fp/hard\libc.a
LOAD c:/st/stm32cubeide_1.9.0/stm32cubeide/plugins/com.st.stm32cube.ide.mcu.externaltools.gnu-tools-for-stm32.10.3-2021.10.win32_1.0.0.202111181127/tools/bin/../lib/gcc/arm-none-eabi/10.3.1/../../../../arm-none-eabi/lib/thumb/v7e-m+fp/hard\libm.a
LOAD c:/st/stm32cubeide_1.9.0/stm32cubeide/plugins/com.st.stm32cube.ide.mcu.externaltools.gnu-tools-for-stm32.10.3-2021.10.win32_1.0.0.202111181127/tools/bin/../lib/gcc/arm-none-eabi/10.3.1/thumb/v7e-m+fp/hard\libgcc.a

.debug_info     0x0000000000000000    0x1c2d7
 .debug_info    0x0000000000000000      0x488 ./Core/Src/dma.o
 .debug_info    0x0000000000000488      0x1ae ./Core/Src/fonts.o
 .debug_info    0x0000000000000636      0x49d ./Core/Src/gpio.o
 .debug_info    0x0000000000000ad3      0xa40 ./Core/Src/i2c.o
 .debug_info    0x0000000000001513      0x673 ./Core/Src/main.o
 .debug_info    0x0000000000001b86      0x5b3 ./Core/Src/rtc.o
 .debug_info    0x0000000000002139      0xa4f ./Core/Src/spi.o
 .debug_info    0x0000000000002b88     0x1805 ./Core/Src/st7735.o
 .debug_info    0x000000000000438d      0x2d4 ./Core/Src/stm32f4xx_hal_msp.o
 .debug_info    0x0000000000004661      0x8d6 ./Core/Src/stm32f4xx_it.o
 .debug_info    0x0000000000004f37      0x54f ./Core/Src/system_stm32f4xx.o
 .debug_info    0x0000000000005486      0xbcc ./Core/Src/tim.o
 .debug_info    0x0000000000006052       0x22 ./Core/Startup/startup_stm32f411ceux.o
 .debug_info    0x0000000000006074      0x90d ./Drivers/STM32F4xx_HAL_Driver/Src/stm32f4xx_hal.o
 .debug_info    0x0000000000006981      0xd8b ./Drivers/STM32F4xx_HAL_Driver/Src/stm32f4xx_hal_cortex.o
 .debug_info    0x000000000000770c      0x947 ./Drivers/STM32F4xx_HAL_Driver/Src/stm32f4xx_hal_dma.o
 .debug_info    0x0000000000008053      0x78e ./Drivers/STM32F4xx_HAL_Driver/Src/stm32f4xx_hal_gpio.o
 .debug_info    0x00000000000087e1     0x260f ./Drivers/STM32F4xx_HAL_Driver/Src/stm32f4xx_hal_i2c.o
 .debug_info    0x000000000000adf0     0x168d ./Drivers/STM32F4xx_HAL_Driver/Src/stm32f4xx_hal_pcd.o
 .debug_info    0x000000000000c47d      0x717 ./Drivers/STM32F4xx_HAL_Driver/Src/stm32f4xx_hal_pcd_ex.o
 .debug_info    0x000000000000cb94      0x98d ./Drivers/STM32F4xx_HAL_Driver/Src/stm32f4xx_hal_rcc.o
 .debug_info    0x000000000000d521      0x5d9 ./Drivers/STM32F4xx_HAL_Driver/Src/stm32f4xx_hal_rcc_ex.o
 .debug_info    0x000000000000dafa      0xcf0 ./Drivers/STM32F4xx_HAL_Driver/Src/stm32f4xx_hal_rtc.o
 .debug_info    0x000000000000e7ea     0x1750 ./Drivers/STM32F4xx_HAL_Driver/Src/stm32f4xx_hal_spi.o
 .debug_info    0x000000000000ff3a     0x2bb6 ./Drivers/STM32F4xx_HAL_Driver/Src/stm32f4xx_hal_tim.o
 .debug_info    0x0000000000012af0     0x15d8 ./Drivers/STM32F4xx_HAL_Driver/Src/stm32f4xx_hal_tim_ex.o
 .debug_info    0x00000000000140c8     0x1a97 ./Drivers/STM32F4xx_HAL_Driver/Src/stm32f4xx_ll_usb.o
 .debug_info    0x0000000000015b5f     0x130c ./Middlewares/ST/STM32_USB_Device_Library/Class/CDC/Src/usbd_cdc.o
 .debug_info    0x0000000000016e6b      0xee7 ./Middlewares/ST/STM32_USB_Device_Library/Core/Src/usbd_core.o
 .debug_info    0x0000000000017d52      0xb7f ./Middlewares/ST/STM32_USB_Device_Library/Core/Src/usbd_ctlreq.o
 .debug_info    0x00000000000188d1      0x7da ./Middlewares/ST/STM32_USB_Device_Library/Core/Src/usbd_ioreq.o
 .debug_info    0x00000000000190ab      0x76a ./USB_DEVICE/App/usb_device.o
 .debug_info    0x0000000000019815      0x96f ./USB_DEVICE/App/usbd_cdc_if.o
 .debug_info    0x000000000001a184      0x498 ./USB_DEVICE/App/usbd_desc.o
 .debug_info    0x000000000001a61c     0x1cbb ./USB_DEVICE/Target/usbd_conf.o

.debug_abbrev   0x0000000000000000     0x45ce
 .debug_abbrev  0x0000000000000000      0x10a ./Core/Src/dma.o
 .debug_abbrev  0x000000000000010a       0xad ./Core/Src/fonts.o
 .debug_abbrev  0x00000000000001b7      0x146 ./Core/Src/gpio.o
 .debug_abbrev  0x00000000000002fd      0x1e0 ./Core/Src/i2c.o
 .debug_abbrev  0x00000000000004dd      0x226 ./Core/Src/main.o
 .debug_abbrev  0x0000000000000703      0x18f ./Core/Src/rtc.o
 .debug_abbrev  0x0000000000000892      0x1f3 ./Core/Src/spi.o
 .debug_abbrev  0x0000000000000a85      0x2ce ./Core/Src/st7735.o
 .debug_abbrev  0x0000000000000d53       0xd4 ./Core/Src/stm32f4xx_hal_msp.o
 .debug_abbrev  0x0000000000000e27      0x1c6 ./Core/Src/stm32f4xx_it.o
 .debug_abbrev  0x0000000000000fed      0x116 ./Core/Src/system_stm32f4xx.o
 .debug_abbrev  0x0000000000001103      0x1f3 ./Core/Src/tim.o
 .debug_abbrev  0x00000000000012f6       0x12 ./Core/Startup/startup_stm32f411ceux.o
 .debug_abbrev  0x0000000000001308      0x23e ./Drivers/STM32F4xx_HAL_Driver/Src/stm32f4xx_hal.o
 .debug_abbrev  0x0000000000001546      0x316 ./Drivers/STM32F4xx_HAL_Driver/Src/stm32f4xx_hal_cortex.o
 .debug_abbrev  0x000000000000185c      0x21b ./Drivers/STM32F4xx_HAL_Driver/Src/stm32f4xx_hal_dma.o
 .debug_abbrev  0x0000000000001a77      0x1c4 ./Drivers/STM32F4xx_HAL_Driver/Src/stm32f4xx_hal_gpio.o
 .debug_abbrev  0x0000000000001c3b      0x2a8 ./Drivers/STM32F4xx_HAL_Driver/Src/stm32f4xx_hal_i2c.o
 .debug_abbrev  0x0000000000001ee3      0x2bb ./Drivers/STM32F4xx_HAL_Driver/Src/stm32f4xx_hal_pcd.o
 .debug_abbrev  0x000000000000219e      0x1ce ./Drivers/STM32F4xx_HAL_Driver/Src/stm32f4xx_hal_pcd_ex.o
 .debug_abbrev  0x000000000000236c      0x2aa ./Drivers/STM32F4xx_HAL_Driver/Src/stm32f4xx_hal_rcc.o
 .debug_abbrev  0x0000000000002616      0x1a8 ./Drivers/STM32F4xx_HAL_Driver/Src/stm32f4xx_hal_rcc_ex.o
 .debug_abbrev  0x00000000000027be      0x202 ./Drivers/STM32F4xx_HAL_Driver/Src/stm32f4xx_hal_rtc.o
 .debug_abbrev  0x00000000000029c0      0x26e ./Drivers/STM32F4xx_HAL_Driver/Src/stm32f4xx_hal_spi.o
 .debug_abbrev  0x0000000000002c2e      0x26e ./Drivers/STM32F4xx_HAL_Driver/Src/stm32f4xx_hal_tim.o
 .debug_abbrev  0x0000000000002e9c      0x276 ./Drivers/STM32F4xx_HAL_Driver/Src/stm32f4xx_hal_tim_ex.o
 .debug_abbrev  0x0000000000003112      0x296 ./Drivers/STM32F4xx_HAL_Driver/Src/stm32f4xx_ll_usb.o
 .debug_abbrev  0x00000000000033a8      0x2be ./Middlewares/ST/STM32_USB_Device_Library/Class/CDC/Src/usbd_cdc.o
 .debug_abbrev  0x0000000000003666      0x263 ./Middlewares/ST/STM32_USB_Device_Library/Core/Src/usbd_core.o
 .debug_abbrev  0x00000000000038c9      0x25c ./Middlewares/ST/STM32_USB_Device_Library/Core/Src/usbd_ctlreq.o
 .debug_abbrev  0x0000000000003b25      0x18a ./Middlewares/ST/STM32_USB_Device_Library/Core/Src/usbd_ioreq.o
 .debug_abbrev  0x0000000000003caf      0x18a ./USB_DEVICE/App/usb_device.o
 .debug_abbrev  0x0000000000003e39      0x290 ./USB_DEVICE/App/usbd_cdc_if.o
 .debug_abbrev  0x00000000000040c9      0x1da ./USB_DEVICE/App/usbd_desc.o
 .debug_abbrev  0x00000000000042a3      0x32b ./USB_DEVICE/Target/usbd_conf.o

.debug_aranges  0x0000000000000000     0x18f8
 .debug_aranges
                0x0000000000000000       0x20 ./Core/Src/dma.o
 .debug_aranges
                0x0000000000000020       0x18 ./Core/Src/fonts.o
 .debug_aranges
                0x0000000000000038       0x20 ./Core/Src/gpio.o
 .debug_aranges
                0x0000000000000058       0x30 ./Core/Src/i2c.o
 .debug_aranges
                0x0000000000000088       0x38 ./Core/Src/main.o
 .debug_aranges
                0x00000000000000c0       0x30 ./Core/Src/rtc.o
 .debug_aranges
                0x00000000000000f0       0x30 ./Core/Src/spi.o
 .debug_aranges
                0x0000000000000120      0x130 ./Core/Src/st7735.o
 .debug_aranges
                0x0000000000000250       0x20 ./Core/Src/stm32f4xx_hal_msp.o
 .debug_aranges
                0x0000000000000270       0x70 ./Core/Src/stm32f4xx_it.o
 .debug_aranges
                0x00000000000002e0       0x28 ./Core/Src/system_stm32f4xx.o
 .debug_aranges
                0x0000000000000308       0x30 ./Core/Src/tim.o
 .debug_aranges
                0x0000000000000338       0x28 ./Core/Startup/startup_stm32f411ceux.o
 .debug_aranges
                0x0000000000000360       0xf0 ./Drivers/STM32F4xx_HAL_Driver/Src/stm32f4xx_hal.o
 .debug_aranges
                0x0000000000000450      0x118 ./Drivers/STM32F4xx_HAL_Driver/Src/stm32f4xx_hal_cortex.o
 .debug_aranges
                0x0000000000000568       0x90 ./Drivers/STM32F4xx_HAL_Driver/Src/stm32f4xx_hal_dma.o
 .debug_aranges
                0x00000000000005f8       0x58 ./Drivers/STM32F4xx_HAL_Driver/Src/stm32f4xx_hal_gpio.o
 .debug_aranges
                0x0000000000000650      0x2a0 ./Drivers/STM32F4xx_HAL_Driver/Src/stm32f4xx_hal_i2c.o
 .debug_aranges
                0x00000000000008f0      0x148 ./Drivers/STM32F4xx_HAL_Driver/Src/stm32f4xx_hal_pcd.o
 .debug_aranges
                0x0000000000000a38       0x38 ./Drivers/STM32F4xx_HAL_Driver/Src/stm32f4xx_hal_pcd_ex.o
 .debug_aranges
                0x0000000000000a70       0x88 ./Drivers/STM32F4xx_HAL_Driver/Src/stm32f4xx_hal_rcc.o
 .debug_aranges
                0x0000000000000af8       0x50 ./Drivers/STM32F4xx_HAL_Driver/Src/stm32f4xx_hal_rcc_ex.o
 .debug_aranges
                0x0000000000000b48       0xe8 ./Drivers/STM32F4xx_HAL_Driver/Src/stm32f4xx_hal_rtc.o
 .debug_aranges
                0x0000000000000c30      0x1d0 ./Drivers/STM32F4xx_HAL_Driver/Src/stm32f4xx_hal_spi.o
 .debug_aranges
                0x0000000000000e00      0x3d0 ./Drivers/STM32F4xx_HAL_Driver/Src/stm32f4xx_hal_tim.o
 .debug_aranges
                0x00000000000011d0      0x168 ./Drivers/STM32F4xx_HAL_Driver/Src/stm32f4xx_hal_tim_ex.o
 .debug_aranges
                0x0000000000001338      0x1a0 ./Drivers/STM32F4xx_HAL_Driver/Src/stm32f4xx_ll_usb.o
 .debug_aranges
                0x00000000000014d8       0x90 ./Middlewares/ST/STM32_USB_Device_Library/Class/CDC/Src/usbd_cdc.o
 .debug_aranges
                0x0000000000001568       0xd8 ./Middlewares/ST/STM32_USB_Device_Library/Core/Src/usbd_core.o
 .debug_aranges
                0x0000000000001640       0x90 ./Middlewares/ST/STM32_USB_Device_Library/Core/Src/usbd_ctlreq.o
 .debug_aranges
                0x00000000000016d0       0x50 ./Middlewares/ST/STM32_USB_Device_Library/Core/Src/usbd_ioreq.o
 .debug_aranges
                0x0000000000001720       0x20 ./USB_DEVICE/App/usb_device.o
 .debug_aranges
                0x0000000000001740       0x48 ./USB_DEVICE/App/usbd_cdc_if.o
 .debug_aranges
                0x0000000000001788       0x60 ./USB_DEVICE/App/usbd_desc.o
 .debug_aranges
                0x00000000000017e8      0x110 ./USB_DEVICE/Target/usbd_conf.o

.debug_ranges   0x0000000000000000     0x16e0
 .debug_ranges  0x0000000000000000       0x10 ./Core/Src/dma.o
 .debug_ranges  0x0000000000000010       0x10 ./Core/Src/gpio.o
 .debug_ranges  0x0000000000000020       0x20 ./Core/Src/i2c.o
 .debug_ranges  0x0000000000000040       0x28 ./Core/Src/main.o
 .debug_ranges  0x0000000000000068       0x20 ./Core/Src/rtc.o
 .debug_ranges  0x0000000000000088       0x20 ./Core/Src/spi.o
 .debug_ranges  0x00000000000000a8      0x120 ./Core/Src/st7735.o
 .debug_ranges  0x00000000000001c8       0x10 ./Core/Src/stm32f4xx_hal_msp.o
 .debug_ranges  0x00000000000001d8       0x60 ./Core/Src/stm32f4xx_it.o
 .debug_ranges  0x0000000000000238       0x18 ./Core/Src/system_stm32f4xx.o
 .debug_ranges  0x0000000000000250       0x20 ./Core/Src/tim.o
 .debug_ranges  0x0000000000000270       0x20 ./Core/Startup/startup_stm32f411ceux.o
 .debug_ranges  0x0000000000000290       0xe0 ./Drivers/STM32F4xx_HAL_Driver/Src/stm32f4xx_hal.o
 .debug_ranges  0x0000000000000370      0x108 ./Drivers/STM32F4xx_HAL_Driver/Src/stm32f4xx_hal_cortex.o
 .debug_ranges  0x0000000000000478       0x80 ./Drivers/STM32F4xx_HAL_Driver/Src/stm32f4xx_hal_dma.o
 .debug_ranges  0x00000000000004f8       0x48 ./Drivers/STM32F4xx_HAL_Driver/Src/stm32f4xx_hal_gpio.o
 .debug_ranges  0x0000000000000540      0x2a8 ./Drivers/STM32F4xx_HAL_Driver/Src/stm32f4xx_hal_i2c.o
 .debug_ranges  0x00000000000007e8      0x138 ./Drivers/STM32F4xx_HAL_Driver/Src/stm32f4xx_hal_pcd.o
 .debug_ranges  0x0000000000000920       0x28 ./Drivers/STM32F4xx_HAL_Driver/Src/stm32f4xx_hal_pcd_ex.o
 .debug_ranges  0x0000000000000948       0x78 ./Drivers/STM32F4xx_HAL_Driver/Src/stm32f4xx_hal_rcc.o
 .debug_ranges  0x00000000000009c0       0x40 ./Drivers/STM32F4xx_HAL_Driver/Src/stm32f4xx_hal_rcc_ex.o
 .debug_ranges  0x0000000000000a00       0xd8 ./Drivers/STM32F4xx_HAL_Driver/Src/stm32f4xx_hal_rtc.o
 .debug_ranges  0x0000000000000ad8      0x1c0 ./Drivers/STM32F4xx_HAL_Driver/Src/stm32f4xx_hal_spi.o
 .debug_ranges  0x0000000000000c98      0x3c0 ./Drivers/STM32F4xx_HAL_Driver/Src/stm32f4xx_hal_tim.o
 .debug_ranges  0x0000000000001058      0x158 ./Drivers/STM32F4xx_HAL_Driver/Src/stm32f4xx_hal_tim_ex.o
 .debug_ranges  0x00000000000011b0      0x190 ./Drivers/STM32F4xx_HAL_Driver/Src/stm32f4xx_ll_usb.o
 .debug_ranges  0x0000000000001340       0x80 ./Middlewares/ST/STM32_USB_Device_Library/Class/CDC/Src/usbd_cdc.o
 .debug_ranges  0x00000000000013c0       0xc8 ./Middlewares/ST/STM32_USB_Device_Library/Core/Src/usbd_core.o
 .debug_ranges  0x0000000000001488       0x80 ./Middlewares/ST/STM32_USB_Device_Library/Core/Src/usbd_ctlreq.o
 .debug_ranges  0x0000000000001508       0x40 ./Middlewares/ST/STM32_USB_Device_Library/Core/Src/usbd_ioreq.o
 .debug_ranges  0x0000000000001548       0x10 ./USB_DEVICE/App/usb_device.o
 .debug_ranges  0x0000000000001558       0x38 ./USB_DEVICE/App/usbd_cdc_if.o
 .debug_ranges  0x0000000000001590       0x50 ./USB_DEVICE/App/usbd_desc.o
 .debug_ranges  0x00000000000015e0      0x100 ./USB_DEVICE/Target/usbd_conf.o

.debug_macro    0x0000000000000000    0x1c0c3
 .debug_macro   0x0000000000000000      0x23d ./Core/Src/dma.o
 .debug_macro   0x000000000000023d      0xa78 ./Core/Src/dma.o
 .debug_macro   0x0000000000000cb5      0x2ad ./Core/Src/dma.o
 .debug_macro   0x0000000000000f62       0x2e ./Core/Src/dma.o
 .debug_macro   0x0000000000000f90       0x28 ./Core/Src/dma.o
 .debug_macro   0x0000000000000fb8       0x22 ./Core/Src/dma.o
 .debug_macro   0x0000000000000fda       0x8e ./Core/Src/dma.o
 .debug_macro   0x0000000000001068       0x51 ./Core/Src/dma.o
 .debug_macro   0x00000000000010b9      0x103 ./Core/Src/dma.o
 .debug_macro   0x00000000000011bc       0x6a ./Core/Src/dma.o
 .debug_macro   0x0000000000001226      0x1df ./Core/Src/dma.o
 .debug_macro   0x0000000000001405       0x1c ./Core/Src/dma.o
 .debug_macro   0x0000000000001421       0x22 ./Core/Src/dma.o
 .debug_macro   0x0000000000001443       0xd9 ./Core/Src/dma.o
 .debug_macro   0x000000000000151c     0x102d ./Core/Src/dma.o
 .debug_macro   0x0000000000002549      0x11f ./Core/Src/dma.o
 .debug_macro   0x0000000000002668     0xb953 ./Core/Src/dma.o
 .debug_macro   0x000000000000dfbb       0x6d ./Core/Src/dma.o
 .debug_macro   0x000000000000e028     0x367e ./Core/Src/dma.o
 .debug_macro   0x00000000000116a6      0x174 ./Core/Src/dma.o
 .debug_macro   0x000000000001181a       0x5c ./Core/Src/dma.o
 .debug_macro   0x0000000000011876      0x447 ./Core/Src/dma.o
 .debug_macro   0x0000000000011cbd      0x9fe ./Core/Src/dma.o
 .debug_macro   0x00000000000126bb      0x115 ./Core/Src/dma.o
 .debug_macro   0x00000000000127d0      0x11b ./Core/Src/dma.o
 .debug_macro   0x00000000000128eb       0xa5 ./Core/Src/dma.o
 .debug_macro   0x0000000000012990      0x15f ./Core/Src/dma.o
 .debug_macro   0x0000000000012aef      0x287 ./Core/Src/dma.o
 .debug_macro   0x0000000000012d76       0x5f ./Core/Src/dma.o
 .debug_macro   0x0000000000012dd5      0x236 ./Core/Src/dma.o
 .debug_macro   0x000000000001300b      0x132 ./Core/Src/dma.o
 .debug_macro   0x000000000001313d      0x264 ./Core/Src/dma.o
 .debug_macro   0x00000000000133a1       0x2e ./Core/Src/dma.o
 .debug_macro   0x00000000000133cf      0x1b5 ./Core/Src/dma.o
 .debug_macro   0x0000000000013584       0x22 ./Core/Src/dma.o
 .debug_macro   0x00000000000135a6       0xd6 ./Core/Src/dma.o
 .debug_macro   0x000000000001367c      0x11a ./Core/Src/dma.o
 .debug_macro   0x0000000000013796       0x85 ./Core/Src/dma.o
 .debug_macro   0x000000000001381b       0x89 ./Core/Src/dma.o
 .debug_macro   0x00000000000138a4      0x2fe ./Core/Src/dma.o
 .debug_macro   0x0000000000013ba2      0x430 ./Core/Src/dma.o
 .debug_macro   0x0000000000013fd2       0xe4 ./Core/Src/dma.o
 .debug_macro   0x00000000000140b6      0x225 ./Core/Src/dma.o
 .debug_macro   0x00000000000142db      0x8e6 ./Core/Src/dma.o
 .debug_macro   0x0000000000014bc1       0x47 ./Core/Src/dma.o
 .debug_macro   0x0000000000014c08      0x248 ./Core/Src/dma.o
 .debug_macro   0x0000000000014e50       0xba ./Core/Src/dma.o
 .debug_macro   0x0000000000014f0a      0x126 ./Core/Src/dma.o
 .debug_macro   0x0000000000015030       0x34 ./Core/Src/dma.o
 .debug_macro   0x0000000000015064       0x6d ./Core/Src/fonts.o
 .debug_macro   0x00000000000150d1      0x23d ./Core/Src/gpio.o
 .debug_macro   0x000000000001530e      0x23d ./Core/Src/i2c.o
 .debug_macro   0x000000000001554b      0x489 ./Core/Src/main.o
 .debug_macro   0x00000000000159d4       0x52 ./Core/Src/main.o
 .debug_macro   0x0000000000015a26       0x1e ./Core/Src/main.o
 .debug_macro   0x0000000000015a44       0x3c ./Core/Src/main.o
 .debug_macro   0x0000000000015a80       0x34 ./Core/Src/main.o
 .debug_macro   0x0000000000015ab4       0x16 ./Core/Src/main.o
 .debug_macro   0x0000000000015aca       0x35 ./Core/Src/main.o
 .debug_macro   0x0000000000015aff      0x341 ./Core/Src/main.o
 .debug_macro   0x0000000000015e40       0x10 ./Core/Src/main.o
 .debug_macro   0x0000000000015e50       0x16 ./Core/Src/main.o
 .debug_macro   0x0000000000015e66       0x43 ./Core/Src/main.o
 .debug_macro   0x0000000000015ea9       0x34 ./Core/Src/main.o
 .debug_macro   0x0000000000015edd       0x10 ./Core/Src/main.o
 .debug_macro   0x0000000000015eed       0x58 ./Core/Src/main.o
 .debug_macro   0x0000000000015f45       0x71 ./Core/Src/main.o
 .debug_macro   0x0000000000015fb6       0x1c ./Core/Src/main.o
 .debug_macro   0x0000000000015fd2      0x12a ./Core/Src/main.o
 .debug_macro   0x00000000000160fc       0x10 ./Core/Src/main.o
 .debug_macro   0x000000000001610c       0x1c ./Core/Src/main.o
 .debug_macro   0x0000000000016128       0x52 ./Core/Src/main.o
 .debug_macro   0x000000000001617a       0x22 ./Core/Src/main.o
 .debug_macro   0x000000000001619c       0x10 ./Core/Src/main.o
 .debug_macro   0x00000000000161ac       0x52 ./Core/Src/main.o
 .debug_macro   0x00000000000161fe       0xd5 ./Core/Src/main.o
 .debug_macro   0x00000000000162d3       0x1c ./Core/Src/main.o
 .debug_macro   0x00000000000162ef       0x3d ./Core/Src/main.o
 .debug_macro   0x000000000001632c       0x16 ./Core/Src/main.o
 .debug_macro   0x0000000000016342      0x145 ./Core/Src/main.o
 .debug_macro   0x0000000000016487       0x16 ./Core/Src/main.o
 .debug_macro   0x000000000001649d       0x16 ./Core/Src/main.o
 .debug_macro   0x00000000000164b3       0x29 ./Core/Src/main.o
 .debug_macro   0x00000000000164dc       0x16 ./Core/Src/main.o
 .debug_macro   0x00000000000164f2       0x20 ./Core/Src/main.o
 .debug_macro   0x0000000000016512       0x65 ./Core/Src/main.o
 .debug_macro   0x0000000000016577      0x20f ./Core/Src/main.o
 .debug_macro   0x0000000000016786       0x46 ./Core/Src/main.o
 .debug_macro   0x00000000000167cc       0x22 ./Core/Src/main.o
 .debug_macro   0x00000000000167ee      0x154 ./Core/Src/main.o
 .debug_macro   0x0000000000016942      0x23d ./Core/Src/rtc.o
 .debug_macro   0x0000000000016b7f      0x23d ./Core/Src/spi.o
 .debug_macro   0x0000000000016dbc      0x372 ./Core/Src/st7735.o
 .debug_macro   0x000000000001712e       0x40 ./Core/Src/st7735.o
 .debug_macro   0x000000000001716e      0x233 ./Core/Src/stm32f4xx_hal_msp.o
 .debug_macro   0x00000000000173a1      0x23d ./Core/Src/stm32f4xx_it.o
 .debug_macro   0x00000000000175de      0x224 ./Core/Src/system_stm32f4xx.o
 .debug_macro   0x0000000000017802      0x23d ./Core/Src/tim.o
 .debug_macro   0x0000000000017a3f      0x284 ./Drivers/STM32F4xx_HAL_Driver/Src/stm32f4xx_hal.o
 .debug_macro   0x0000000000017cc3      0x224 ./Drivers/STM32F4xx_HAL_Driver/Src/stm32f4xx_hal_cortex.o
 .debug_macro   0x0000000000017ee7      0x22a ./Drivers/STM32F4xx_HAL_Driver/Src/stm32f4xx_hal_dma.o
 .debug_macro   0x0000000000018111      0x22a ./Drivers/STM32F4xx_HAL_Driver/Src/stm32f4xx_hal_gpio.o
 .debug_macro   0x000000000001833b      0x26b ./Drivers/STM32F4xx_HAL_Driver/Src/stm32f4xx_hal_i2c.o
 .debug_macro   0x00000000000185a6      0x230 ./Drivers/STM32F4xx_HAL_Driver/Src/stm32f4xx_hal_pcd.o
 .debug_macro   0x00000000000187d6      0x224 ./Drivers/STM32F4xx_HAL_Driver/Src/stm32f4xx_hal_pcd_ex.o