../Core/si4735/si4735.c:90:6:SI4735_write	16	static
../Core/si4735/si4735.c:94:6:SI4735_write_to	24	static
../Core/si4735/si4735.c:98:6:SI4735_read	16	static
../Core/si4735/si4735.c:102:6:SI4735_read_from	24	static
../Core/si4735/si4735.c:106:6:SI4735_setStep	16	static
../Core/si4735/si4735.c:110:10:SI4735_getStep	4	static
../Core/si4735/si4735.c:185:6:SI4735_setGpioCtl	24	static
../Core/si4735/si4735.c:222:6:SI4735_setGpio	24	static
../Core/si4735/si4735.c:257:6:SI4735_setGpioIen	32	static
../Core/si4735/si4735.c:286:9:SI4735_getDeviceI2CAddress	4	static
../Core/si4735/si4735.c:335:6:SI4735_reset	8	static
../Core/si4735/si4735.c:352:6:SI4735_waitToSend	16	static,ignoring_inline_asm
../Core/si4735/si4735.c:378:6:SI4735_setPowerUp	16	static
../Core/si4735/si4735.c:431:6:SI4735_radioPowerUp	16	static
../Core/si4735/si4735.c:463:6:SI4735_analogPowerUp	8	static
../Core/si4735/si4735.c:478:6:SI4735_powerDown	16	static
../Core/si4735/si4735.c:500:6:SI4735_getFirmware	16	static
../Core/si4735/si4735.c:540:6:SI4735_setRefClock	16	static
../Core/si4735/si4735.c:558:6:SI4735_setRefClockPrescaler	16	static
../Core/si4735/si4735.c:583:6:SI4735_setup	24	static
../Core/si4735/si4735.c:645:6:SI4735_init	16	static
../Core/si4735/si4735.c:674:6:SI4735_setTuneFrequencyAntennaCapacitor	24	static
../Core/si4735/si4735.c:709:6:SI4735_setFrequency	32	static
../Core/si4735/si4735.c:748:6:SI4735_frequencyUp	8	static
../Core/si4735/si4735.c:762:6:SI4735_frequencyDown	8	static
../Core/si4735/si4735.c:781:6:SI4735_setAM0	16	static
../Core/si4735/si4735.c:805:6:SI4735_setFM0	16	static
../Core/si4735/si4735.c:836:6:SI4735_setAM	24	static
../Core/si4735/si4735.c:873:6:SI4735_setFM	24	static
../Core/si4735/si4735.c:908:6:SI4735_setBandwidth	32	static
../Core/si4735/si4735.c:943:10:SI4735_getFrequency	16	static
../Core/si4735/si4735.c:965:6:SI4735_getStatus1	32	static
../Core/si4735/si4735.c:1010:6:SI4735_getAutomaticGainControl	16	static
../Core/si4735/si4735.c:1049:6:SI4735_setAutomaticGainControl	24	static
../Core/si4735/si4735.c:1087:6:SI4735_setAvcAmMaxGain1	24	static
../Core/si4735/si4735.c:1109:6:SI4735_getCurrentReceivedSignalQuality1	32	static
../Core/si4735/si4735.c:1151:6:SI4735_getCurrentReceivedSignalQuality	8	static
../Core/si4735/si4735.c:1167:6:SI4735_seekStation	40	static
../Core/si4735/si4735.c:1205:10:SI4735_seekNextStation	8	static
../Core/si4735/si4735.c:1222:10:SI4735_seekPreviousStation	8	static
../Core/si4735/si4735.c:1261:6:SI4735_seekStationProgress0	24	static
../Core/si4735/si4735.c:1315:6:SI4735_seekStationProgress1	32	static
../Core/si4735/si4735.c:1350:6:SI4735_setSeekAmLimits	16	static
../Core/si4735/si4735.c:1366:6:SI4735_setSeekFmLimits	16	static
../Core/si4735/si4735.c:1381:6:SI4735_setSeekAmSpacing	16	static
../Core/si4735/si4735.c:1395:6:SI4735_setSeekFmSpacing	16	static
../Core/si4735/si4735.c:1409:6:SI4735_setSeekAmSrnThreshold	16	static
../Core/si4735/si4735.c:1425:6:SI4735_setSeekFmSrnThreshold	16	static
../Core/si4735/si4735.c:1439:6:SI4735_setSeekAmRssiThreshold	16	static
../Core/si4735/si4735.c:1453:6:SI4735_setSeekFmRssiThreshold	16	static
../Core/si4735/si4735.c:1475:6:SI4735_sendProperty	32	static
../Core/si4735/si4735.c:1504:6:SI4735_sendCommand	32	static
../Core/si4735/si4735.c:1527:6:SI4735_getCommandResponse	16	static
../Core/si4735/si4735.c:1545:14:SI4735_getStatusResponse	16	static
../Core/si4735/si4735.c:1569:9:SI4735_getProperty	32	static
../Core/si4735/si4735.c:1610:6:SI4735_setFmBlendStereoThreshold	16	static
../Core/si4735/si4735.c:1626:6:SI4735_setFmBlendMonoThreshold	16	static
../Core/si4735/si4735.c:1642:6:SI4735_setFmBlendRssiStereoThreshold	16	static
../Core/si4735/si4735.c:1658:6:SI4735_setFmBLendRssiMonoThreshold	16	static
../Core/si4735/si4735.c:1674:6:SI4735_setFmBlendSnrStereoThreshold	16	static
../Core/si4735/si4735.c:1690:6:SI4735_setFmBLendSnrMonoThreshold	16	static
../Core/si4735/si4735.c:1706:6:SI4735_setFmBlendMultiPathStereoThreshold	16	static
../Core/si4735/si4735.c:1722:6:SI4735_setFmBlendMultiPathMonoThreshold	16	static
../Core/si4735/si4735.c:1732:6:SI4735_setFmStereoOff	4	static
../Core/si4735/si4735.c:1742:6:SI4735_setFmStereoOn	4	static
../Core/si4735/si4735.c:1757:6:SI4735_disableFmDebug	16	static
../Core/si4735/si4735.c:1785:6:SI4735_digitalOutputFormat	32	static
../Core/si4735/si4735.c:1809:6:SI4735_digitalOutputSampleRate	16	static
../Core/si4735/si4735.c:1823:6:SI4735_setVolume	16	static
../Core/si4735/si4735.c:1840:6:SI4735_setAudioMute	24	static
../Core/si4735/si4735.c:1857:9:SI4735_getVolume	4	static
../Core/si4735/si4735.c:1869:6:SI4735_volumeUp	8	static
../Core/si4735/si4735.c:1882:6:SI4735_volumeDown	8	static
../Core/si4735/si4735.c:1906:6:SI4735_RdsInit	8	static
../Core/si4735/si4735.c:1921:6:SI4735_clearRdsBuffer2A	16	static
../Core/si4735/si4735.c:1933:6:SI4735_clearRdsBuffer2B	16	static
../Core/si4735/si4735.c:1944:6:SI4735_clearRdsBuffer0A	16	static
../Core/si4735/si4735.c:1984:6:SI4735_setRdsConfig	40	static
../Core/si4735/si4735.c:2025:6:SI4735_setRdsIntSource	40	static
../Core/si4735/si4735.c:2061:6:SI4735_getRdsStatus3	24	static
../Core/si4735/si4735.c:2100:6:SI4735_getRdsStatus	8	static
../Core/si4735/si4735.c:2118:10:SI4735_getRdsPI	8	static
../Core/si4735/si4735.c:2132:9:SI4735_getRdsGroupType	16	static
../Core/si4735/si4735.c:2149:9:SI4735_getRdsFlagAB	16	static
../Core/si4735/si4735.c:2171:9:SI4735_getRdsTextSegmentAddress	16	static
../Core/si4735/si4735.c:2187:9:SI4735_getRdsVersionCode	16	static
../Core/si4735/si4735.c:2206:9:SI4735_getRdsProgramType	16	static
../Core/si4735/si4735.c:2223:6:SI4735_getNext2Block	24	static
../Core/si4735/si4735.c:2252:6:SI4735_getNext4Block	24	static
../Core/si4735/si4735.c:2282:7:SI4735_getRdsText	8	static
../Core/si4735/si4735.c:2305:7:SI4735_getRdsText0A	16	static
../Core/si4735/si4735.c:2335:7:SI4735_getRdsText2A	16	static
../Core/si4735/si4735.c:2365:7:SI4735_getRdsText2B	16	static
../Core/si4735/si4735.c:2397:7:SI4735_getRdsTime	48	static
../Core/si4735/si4735.c:2495:6:SI4735_setSSBBfo	32	static
../Core/si4735/si4735.c:2538:6:SI4735_setSSBConfig	24	static
../Core/si4735/si4735.c:2562:6:SI4735_setSSBDspAfc	16	static
../Core/si4735/si4735.c:2578:6:SI4735_setSSBSoftMute	16	static
../Core/si4735/si4735.c:2594:6:SI4735_setSSBAutomaticVolumeControl	16	static
../Core/si4735/si4735.c:2610:6:SI4735_setSSBAvcDivider	16	static
../Core/si4735/si4735.c:2630:6:SI4735_setSBBSidebandCutoffFilter	16	static
../Core/si4735/si4735.c:2661:6:SI4735_setSSBAudioBandwidth	16	static
../Core/si4735/si4735.c:2685:6:SI4735_setSSB0	24	static
../Core/si4735/si4735.c:2717:6:SI4735_setSSB	24	static
../Core/si4735/si4735.c:2738:6:SI4735_sendSSBModeProperty	24	static
../Core/si4735/si4735.c:2760:6:SI4735_getSsbAgcStatus	16	static
../Core/si4735/si4735.c:2785:6:SI4735_setSsbAgcOverrite	24	static
../Core/si4735/si4735.c:2829:6:SI4735_queryLibraryId	16	static
../Core/si4735/si4735.c:2866:6:SI4735_patchPowerUp	16	static
../Core/si4735/si4735.c:2881:6:SI4735_ssbPowerUp	16	static
../Core/si4735/si4735.c:2938:6:SI4735_downloadPatch	24	static
../Core/si4735/si4735.c:2986:6:SI4735_loadPatch	24	static
../Core/si4735/si4735.c:3017:28:SI4735_downloadPatchFromEeprom	96	static
../Core/si4735/si4735.c:3125:6:SI4735_patchPowerUpNBFM	16	static
../Core/si4735/si4735.c:3143:6:SI4735_loadPatchNBFM	16	static
../Core/si4735/si4735.c:3168:6:SI4735_setNBFM0	16	static
../Core/si4735/si4735.c:3199:6:SI4735_setNBFM	24	static
../Core/si4735/si4735.c:3226:6:SI4735_setFrequencyNBFM	24	static
../Core/si4735/si4735.c:3242:6:SI4735_loadSSB	32	static
