../Core/lvgl/examples/widgets/chart/../../../src/hal/../draw/sw/../../core/lv_obj_pos.h:199:20:lv_obj_center	16	static
../Core/lvgl/examples/widgets/chart/../../../src/core/lv_obj_style.h:223:20:lv_obj_set_style_size	24	static
../Core/lvgl/examples/widgets/chart/../../../src/core/lv_disp.h:162:26:lv_scr_act	8	static
../Core/lvgl/examples/widgets/chart/lv_example_chart_8.c:16:13:draw_event_cb	152	static
../Core/lvgl/examples/widgets/chart/lv_example_chart_8.c:54:16:round_fixed_point	32	static
../Core/lvgl/examples/widgets/chart/lv_example_chart_8.c:75:6:lv_example_chart_8	88	static
