../Core/Src/../lvgl/src/hal/../draw/../misc/lv_color.h:592:26:lv_color_make	16	static
../Core/Src/../lvgl/src/hal/../draw/../misc/lv_color.h:597:26:lv_color_hex	24	static
../Core/Src/../lvgl/src/hal/../draw/../misc/lv_color.h:693:26:lv_color_white	8	static
../Core/Src/../lvgl/src/core/lv_disp.h:162:26:lv_scr_act	8	static
../Core/Src/ui.c:15:6:make_frame	16	static
../Core/Src/ui.c:34:13:set_background	8	static
../Core/Src/ui.c:45:13:set_top_canvas	80	static
../Core/Src/ui.c:70:13:set_bottom_canvas	80	static
../Core/Src/ui.c:95:6:create_labels	8	static
../Core/Src/ui.c:116:6:main_screen	8	static
